// Jest Snapshot v1, https://goo.gl/fbAQLP

exports[`plugin in a stock JBrowse 1`] = `{}`;

exports[`plugin in a stock JBrowse 2`] = `
{
  "displays": [
    {
      "displayId": "trackId0-LinearVariantDisplay",
      "type": "LinearVariantDisplay",
    },
    {
      "displayId": "trackId0-ChordVariantDisplay",
      "type": "ChordVariantDisplay",
    },
  ],
  "trackId": "trackId0",
  "type": "VariantTrack",
}
`;
