// Jest Snapshot v1, https://goo.gl/fbAQLP

exports[`one 1`] = `
<div
  class="WiggleRendering"
  data-testid="wiggle-rendering-test"
  role="presentation"
  style="overflow: visible; position: relative; height: 500px;"
>
  <canvas
    data-testid="prerendered_canvas"
    height="500"
    style="width: 500px; height: 500px;"
    width="500"
  />
</div>
`;
