// Jest Snapshot v1, https://goo.gl/fbAQLP

exports[`one 1`] = `
<div>
  <div
    data-testid="wiggle-rendering-test"
    style="height: 500px; overflow: visible; position: relative;"
  >
    <canvas
      data-testid="prerendered_canvas_test"
      height="500"
      style="height: 500px; width: 500px;"
      width="500"
    />
  </div>
</div>
`;
