// Jest Snapshot v1, https://jestjs.io/docs/snapshot-testing

exports[`what each row step recomputes 1`] = `
"initial load              arrange 1 (4 rows)  alias 0  clusterable 1  sources 1  dealtRowColors 1  rowColorScale 1  FetchCoarseTier 1, FetchVisibleRegions 1, MultiRowEncodedChannels 1
second region arrival     arrange 0  alias 0  clusterable 0  sources 0  dealtRowColors 0  rowColorScale 0  FetchVisibleRegions 1, MultiRowEncodedChannels 1
pan, no arrival           arrange 0  alias 0  clusterable 0  sources 0  dealtRowColors 0  rowColorScale 0  ClearBlockingStateOnViewportChange 1, FetchVisibleRegions 1
drag reorder              arrange 1 (4 rows)  alias 0  clusterable 1  sources 1  dealtRowColors 0  rowColorScale 0  MultiRowEncodedChannels 1
focus                     arrange 0  alias 0  clusterable 1  sources 1  dealtRowColors 0  rowColorScale 0  MultiRowEncodedChannels 1
relabel                   arrange 1 (4 rows)  alias 0  clusterable 1  sources 1  dealtRowColors 0  rowColorScale 0  MultiRowEncodedChannels 1
recolour                  arrange 1 (4 rows)  alias 0  clusterable 1  sources 1  dealtRowColors 0  rowColorScale 0  MultiRowEncodedChannels 1
cluster run lands a tree  arrange 1 (4 rows)  alias 0  clusterable 1  sources 1  dealtRowColors 0  rowColorScale 0  MultiRowEncodedChannels 1
region arrival, arranged  arrange 0  alias 0  clusterable 0  sources 0  dealtRowColors 0  rowColorScale 0  FetchVisibleRegions 1, MultiRowEncodedChannels 1
reset                     arrange 1 (4 rows)  alias 0  clusterable 1  sources 1  dealtRowColors 0  rowColorScale 0  MultiRowEncodedChannels 1"
`;
