// Jest Snapshot v1, https://goo.gl/fbAQLP

exports[`one 1`] = `
<div
  class="PileupRendering"
  data-testid="pileup-normal"
  style="position: relative; width: 500px; height: 500px;"
>
  <canvas
    data-testid="prerendered_canvas"
    height="500"
    style="width: 500px; height: 500px; position: absolute; left: 0px; top: 0px;"
    width="500"
  />
  <canvas
    class="highlightOverlayCanvas"
    data-testid="pileup_overlay_canvas"
    height="500"
    style="position: absolute; left: 0px; top: 0px;"
    width="500"
  />
</div>
`;
