// Jest Snapshot v1, https://jestjs.io/docs/snapshot-testing

exports[`more skip 1`] = `
[
  {
    "altbase": "G",
    "base": "A",
    "length": 1,
    "qual": undefined,
    "start": 6,
    "type": 1,
  },
  {
    "altbase": "C",
    "base": "A",
    "length": 1,
    "qual": undefined,
    "start": 11,
    "type": 1,
  },
  {
    "base": "1",
    "insertedBases": "C",
    "length": 0,
    "start": 31,
    "type": 2,
  },
  {
    "altbase": "G",
    "base": "C",
    "length": 1,
    "qual": undefined,
    "start": 32,
    "type": 1,
  },
  {
    "altbase": "A",
    "base": "C",
    "length": 1,
    "qual": undefined,
    "start": 34,
    "type": 1,
  },
  {
    "altbase": "C",
    "base": "C",
    "length": 1,
    "qual": undefined,
    "start": 40,
    "type": 1,
  },
  {
    "altbase": "A",
    "base": "C",
    "length": 1,
    "qual": undefined,
    "start": 46,
    "type": 1,
  },
  {
    "base": "*",
    "length": 1,
    "start": 48,
    "type": 4,
  },
  {
    "altbase": "A",
    "base": "G",
    "length": 1,
    "qual": undefined,
    "start": 52,
    "type": 1,
  },
  {
    "altbase": "G",
    "base": "G",
    "length": 1,
    "qual": undefined,
    "start": 68,
    "type": 1,
  },
  {
    "altbase": "G",
    "base": "G",
    "length": 1,
    "qual": undefined,
    "start": 70,
    "type": 1,
  },
]
`;
