// Jest Snapshot v1, https://goo.gl/fbAQLP

exports[`plugin in a stock JBrowse 1`] = `Object {}`;

exports[`test creating a text search adapter 1`] = `
Object {
  "namesIndexLocation": Object {
    "uri": "names/",
  },
  "textSearchAdapterId": "JBrowse1GenerateNamesAdapterTest",
  "type": "JBrowse1TextSearchAdapter",
}
`;
