// Jest Snapshot v1, https://jestjs.io/docs/snapshot-testing

exports[`CanvasFeatureRenderer makeImageData snapshot of flatbush items structure 1`] = `
[
  {
    "bottomPx": 34,
    "endBp": 200,
    "featureId": "test1",
    "leftPx": 100,
    "rightPx": 200,
    "startBp": 100,
    "tooltip": "TestFeature<br/>Test description",
    "topPx": 0,
    "type": "box",
  },
]
`;

exports[`CanvasFeatureRenderer makeImageData snapshot of flatbush items structure 2`] = `[]`;
