// Jest Snapshot v1, https://goo.gl/fbAQLP

exports[`adapter can fetch features from volvox.bb 1`] = `
[
  {
    "end": 9000,
    "geneBioType": "-",
    "geneId": "EDEN",
    "geneName": "EDEN",
    "method": "-",
    "name": "EDEN.1",
    "refName": "ctgA",
    "reserved": "0,0,0",
    "score": 1000,
    "start": 1049,
    "strand": 1,
    "subfeatures": [
      {
        "end": 1200,
        "parentId": "test-bb-358912",
        "refName": "ctgA",
        "start": 1049,
        "strand": 1,
        "type": "five_prime_UTR",
        "uniqueId": "test-bb-358912-0",
      },
      {
        "end": 1500,
        "parentId": "test-bb-358912",
        "refName": "ctgA",
        "start": 1200,
        "strand": 1,
        "type": "CDS",
        "uniqueId": "test-bb-358912-1",
      },
      {
        "end": 3902,
        "parentId": "test-bb-358912",
        "refName": "ctgA",
        "start": 2999,
        "strand": 1,
        "type": "CDS",
        "uniqueId": "test-bb-358912-2",
      },
      {
        "end": 5500,
        "parentId": "test-bb-358912",
        "refName": "ctgA",
        "start": 4999,
        "strand": 1,
        "type": "CDS",
        "uniqueId": "test-bb-358912-3",
      },
      {
        "end": 7608,
        "parentId": "test-bb-358912",
        "refName": "ctgA",
        "start": 6999,
        "strand": 1,
        "type": "CDS",
        "uniqueId": "test-bb-358912-4",
      },
      {
        "end": 9000,
        "parentId": "test-bb-358912",
        "refName": "ctgA",
        "start": 7608,
        "strand": 1,
        "type": "three_prime_UTR",
        "uniqueId": "test-bb-358912-5",
      },
    ],
    "tags": "-",
    "type": "mRNA",
    "uniqueId": "test-bb-358912",
  },
  {
    "end": 9000,
    "geneBioType": "-",
    "geneId": "EDEN",
    "geneName": "EDEN",
    "method": "-",
    "name": "EDEN.2",
    "refName": "ctgA",
    "reserved": "0,0,0",
    "score": 1000,
    "start": 1049,
    "strand": 1,
    "subfeatures": [
      {
        "end": 1200,
        "parentId": "test-bb-359006",
        "refName": "ctgA",
        "start": 1049,
        "strand": 1,
        "type": "five_prime_UTR",
        "uniqueId": "test-bb-359006-0",
      },
      {
        "end": 1500,
        "parentId": "test-bb-359006",
        "refName": "ctgA",
        "start": 1200,
        "strand": 1,
        "type": "CDS",
        "uniqueId": "test-bb-359006-1",
      },
      {
        "end": 5500,
        "parentId": "test-bb-359006",
        "refName": "ctgA",
        "start": 4999,
        "strand": 1,
        "type": "CDS",
        "uniqueId": "test-bb-359006-2",
      },
      {
        "end": 7608,
        "parentId": "test-bb-359006",
        "refName": "ctgA",
        "start": 6999,
        "strand": 1,
        "type": "CDS",
        "uniqueId": "test-bb-359006-3",
      },
      {
        "end": 9000,
        "parentId": "test-bb-359006",
        "refName": "ctgA",
        "start": 7608,
        "strand": 1,
        "type": "three_prime_UTR",
        "uniqueId": "test-bb-359006-4",
      },
    ],
    "tags": "-",
    "type": "mRNA",
    "uniqueId": "test-bb-359006",
  },
  {
    "end": 9000,
    "geneBioType": "-",
    "geneId": "EDEN",
    "geneName": "EDEN",
    "method": "-",
    "name": "EDEN.3",
    "refName": "ctgA",
    "reserved": "0,0,0",
    "score": 1000,
    "start": 1299,
    "strand": 1,
    "subfeatures": [
      {
        "end": 1500,
        "parentId": "test-bb-359091",
        "refName": "ctgA",
        "start": 1299,
        "strand": 1,
        "type": "five_prime_UTR",
        "uniqueId": "test-bb-359091-0",
      },
      {
        "end": 3300,
        "parentId": "test-bb-359091",
        "refName": "ctgA",
        "start": 2999,
        "strand": 1,
        "type": "five_prime_UTR",
        "uniqueId": "test-bb-359091-1",
      },
      {
        "end": 3902,
        "parentId": "test-bb-359091",
        "refName": "ctgA",
        "start": 3300,
        "strand": 1,
        "type": "CDS",
        "uniqueId": "test-bb-359091-2",
      },
      {
        "end": 5500,
        "parentId": "test-bb-359091",
        "refName": "ctgA",
        "start": 4999,
        "strand": 1,
        "type": "CDS",
        "uniqueId": "test-bb-359091-3",
      },
      {
        "end": 7600,
        "parentId": "test-bb-359091",
        "refName": "ctgA",
        "start": 6999,
        "strand": 1,
        "type": "CDS",
        "uniqueId": "test-bb-359091-4",
      },
      {
        "end": 9000,
        "parentId": "test-bb-359091",
        "refName": "ctgA",
        "start": 7600,
        "strand": 1,
        "type": "three_prime_UTR",
        "uniqueId": "test-bb-359091-5",
      },
    ],
    "tags": "-",
    "type": "mRNA",
    "uniqueId": "test-bb-359091",
  },
  {
    "end": 23000,
    "geneBioType": "-",
    "geneId": "rna-Apple3",
    "geneName": "rna-Apple3",
    "method": "-",
    "name": "rna-Apple3",
    "refName": "ctgA",
    "reserved": "0,0,0",
    "score": 1000,
    "start": 17399,
    "strand": 1,
    "subfeatures": [
      {
        "end": 17999,
        "parentId": "test-bb-359185",
        "refName": "ctgA",
        "start": 17399,
        "strand": 1,
        "type": "five_prime_UTR",
        "uniqueId": "test-bb-359185-0",
      },
      {
        "end": 18800,
        "parentId": "test-bb-359185",
        "refName": "ctgA",
        "start": 17999,
        "strand": 1,
        "type": "CDS",
        "uniqueId": "test-bb-359185-1",
      },
      {
        "end": 19500,
        "parentId": "test-bb-359185",
        "refName": "ctgA",
        "start": 18999,
        "strand": 1,
        "type": "CDS",
        "uniqueId": "test-bb-359185-2",
      },
      {
        "end": 21200,
        "parentId": "test-bb-359185",
        "refName": "ctgA",
        "start": 20999,
        "strand": 1,
        "type": "CDS",
        "uniqueId": "test-bb-359185-3",
      },
      {
        "end": 23000,
        "parentId": "test-bb-359185",
        "refName": "ctgA",
        "start": 21200,
        "strand": 1,
        "type": "three_prime_UTR",
        "uniqueId": "test-bb-359185-4",
      },
    ],
    "tags": "-",
    "type": "mRNA",
    "uniqueId": "test-bb-359185",
  },
]
`;
