// Vitest Snapshot v1, https://vitest.dev/guide/snapshot.html

exports[`basic 1`] = `
[
  {
    "end": 200,
    "refName": "chr1",
    "score": 4,
    "source": "col0",
    "start": 100,
    "uniqueId": "adp--1798491628-chr1-0-0",
  },
  {
    "end": 300,
    "refName": "chr1",
    "score": 5,
    "source": "col0",
    "start": 200,
    "uniqueId": "adp--1798491628-chr1-1-0",
  },
  {
    "end": 400,
    "refName": "chr1",
    "score": 6,
    "source": "col0",
    "start": 300,
    "uniqueId": "adp--1798491628-chr1-2-0",
  },
]
`;
