// Jest Snapshot v1, https://goo.gl/fbAQLP

exports[`adapter can fetch features from volvox.sorted.gtf test getfeatures on gtf adapter 1`] = `
Array [
  Object {
    "end": 9000,
    "gene_id": "EDEN",
    "gene_name": "EDEN",
    "name": "EDEN.1",
    "phase": 0,
    "refName": "ctgA",
    "source": "example",
    "start": 1049,
    "strand": 1,
    "subfeatures": Array [
      Object {
        "end": 1500,
        "gene_id": "EDEN",
        "gene_name": "EDEN",
        "name": "EDEN.1",
        "parentId": "test-offset-108193",
        "phase": 0,
        "refName": "ctgA",
        "source": "example",
        "start": 1049,
        "strand": 1,
        "transcript_id": "EDEN.1",
        "type": "exon",
        "uniqueId": "test-offset-108193-0",
      },
      Object {
        "end": 1200,
        "gene_id": "EDEN",
        "gene_name": "EDEN",
        "name": "EDEN.1",
        "parentId": "test-offset-108193",
        "phase": 0,
        "refName": "ctgA",
        "source": "example",
        "start": 1049,
        "strand": 1,
        "transcript_id": "EDEN.1",
        "type": "five_prime_UTR",
        "uniqueId": "test-offset-108193-1",
      },
      Object {
        "end": 1500,
        "gene_id": "EDEN",
        "gene_name": "EDEN",
        "name": "EDEN.1",
        "parentId": "test-offset-108193",
        "phase": 0,
        "refName": "ctgA",
        "source": "example",
        "start": 1200,
        "strand": 1,
        "transcript_id": "EDEN.1",
        "type": "CDS",
        "uniqueId": "test-offset-108193-2",
      },
      Object {
        "end": 3902,
        "gene_id": "EDEN",
        "gene_name": "EDEN",
        "name": "EDEN.1",
        "parentId": "test-offset-108193",
        "phase": 0,
        "refName": "ctgA",
        "source": "example",
        "start": 2999,
        "strand": 1,
        "transcript_id": "EDEN.1",
        "type": "CDS",
        "uniqueId": "test-offset-108193-3",
      },
      Object {
        "end": 3902,
        "gene_id": "EDEN",
        "gene_name": "EDEN",
        "name": "EDEN.1",
        "parentId": "test-offset-108193",
        "phase": 0,
        "refName": "ctgA",
        "source": "example",
        "start": 2999,
        "strand": 1,
        "transcript_id": "EDEN.1",
        "type": "exon",
        "uniqueId": "test-offset-108193-4",
      },
      Object {
        "end": 5500,
        "gene_id": "EDEN",
        "gene_name": "EDEN",
        "name": "EDEN.1",
        "parentId": "test-offset-108193",
        "phase": 0,
        "refName": "ctgA",
        "source": "example",
        "start": 4999,
        "strand": 1,
        "transcript_id": "EDEN.1",
        "type": "CDS",
        "uniqueId": "test-offset-108193-5",
      },
      Object {
        "end": 5500,
        "gene_id": "EDEN",
        "gene_name": "EDEN",
        "name": "EDEN.1",
        "parentId": "test-offset-108193",
        "phase": 0,
        "refName": "ctgA",
        "source": "example",
        "start": 4999,
        "strand": 1,
        "transcript_id": "EDEN.1",
        "type": "exon",
        "uniqueId": "test-offset-108193-6",
      },
      Object {
        "end": 7608,
        "gene_id": "EDEN",
        "gene_name": "EDEN",
        "name": "EDEN.1",
        "parentId": "test-offset-108193",
        "phase": 0,
        "refName": "ctgA",
        "source": "example",
        "start": 6999,
        "strand": 1,
        "transcript_id": "EDEN.1",
        "type": "CDS",
        "uniqueId": "test-offset-108193-7",
      },
      Object {
        "end": 9000,
        "gene_id": "EDEN",
        "gene_name": "EDEN",
        "name": "EDEN.1",
        "parentId": "test-offset-108193",
        "phase": 0,
        "refName": "ctgA",
        "source": "example",
        "start": 6999,
        "strand": 1,
        "transcript_id": "EDEN.1",
        "type": "exon",
        "uniqueId": "test-offset-108193-8",
      },
      Object {
        "end": 9000,
        "gene_id": "EDEN",
        "gene_name": "EDEN",
        "name": "EDEN.1",
        "parentId": "test-offset-108193",
        "phase": 0,
        "refName": "ctgA",
        "source": "example",
        "start": 7608,
        "strand": 1,
        "transcript_id": "EDEN.1",
        "type": "three_prime_UTR",
        "uniqueId": "test-offset-108193-9",
      },
    ],
    "transcript_id": "EDEN.1",
    "type": "transcript",
    "uniqueId": "test-offset-108193",
  },
  Object {
    "end": 9000,
    "gene_id": "EDEN",
    "gene_name": "EDEN",
    "name": "EDEN.2",
    "phase": 0,
    "refName": "ctgA",
    "source": "example",
    "start": 1049,
    "strand": 1,
    "subfeatures": Array [
      Object {
        "end": 1500,
        "gene_id": "EDEN",
        "gene_name": "EDEN",
        "name": "EDEN.2",
        "parentId": "test-offset-108285",
        "phase": 0,
        "refName": "ctgA",
        "source": "example",
        "start": 1049,
        "strand": 1,
        "transcript_id": "EDEN.2",
        "type": "exon",
        "uniqueId": "test-offset-108285-0",
      },
      Object {
        "end": 1200,
        "gene_id": "EDEN",
        "gene_name": "EDEN",
        "name": "EDEN.2",
        "parentId": "test-offset-108285",
        "phase": 0,
        "refName": "ctgA",
        "source": "example",
        "start": 1049,
        "strand": 1,
        "transcript_id": "EDEN.2",
        "type": "five_prime_UTR",
        "uniqueId": "test-offset-108285-1",
      },
      Object {
        "end": 1500,
        "gene_id": "EDEN",
        "gene_name": "EDEN",
        "name": "EDEN.2",
        "parentId": "test-offset-108285",
        "phase": 0,
        "refName": "ctgA",
        "source": "example",
        "start": 1200,
        "strand": 1,
        "transcript_id": "EDEN.2",
        "type": "CDS",
        "uniqueId": "test-offset-108285-2",
      },
      Object {
        "end": 5500,
        "gene_id": "EDEN",
        "gene_name": "EDEN",
        "name": "EDEN.2",
        "parentId": "test-offset-108285",
        "phase": 0,
        "refName": "ctgA",
        "source": "example",
        "start": 4999,
        "strand": 1,
        "transcript_id": "EDEN.2",
        "type": "CDS",
        "uniqueId": "test-offset-108285-3",
      },
      Object {
        "end": 5500,
        "gene_id": "EDEN",
        "gene_name": "EDEN",
        "name": "EDEN.2",
        "parentId": "test-offset-108285",
        "phase": 0,
        "refName": "ctgA",
        "source": "example",
        "start": 4999,
        "strand": 1,
        "transcript_id": "EDEN.2",
        "type": "exon",
        "uniqueId": "test-offset-108285-4",
      },
      Object {
        "end": 7608,
        "gene_id": "EDEN",
        "gene_name": "EDEN",
        "name": "EDEN.2",
        "parentId": "test-offset-108285",
        "phase": 0,
        "refName": "ctgA",
        "source": "example",
        "start": 6999,
        "strand": 1,
        "transcript_id": "EDEN.2",
        "type": "CDS",
        "uniqueId": "test-offset-108285-5",
      },
      Object {
        "end": 9000,
        "gene_id": "EDEN",
        "gene_name": "EDEN",
        "name": "EDEN.2",
        "parentId": "test-offset-108285",
        "phase": 0,
        "refName": "ctgA",
        "source": "example",
        "start": 6999,
        "strand": 1,
        "transcript_id": "EDEN.2",
        "type": "exon",
        "uniqueId": "test-offset-108285-6",
      },
      Object {
        "end": 9000,
        "gene_id": "EDEN",
        "gene_name": "EDEN",
        "name": "EDEN.2",
        "parentId": "test-offset-108285",
        "phase": 0,
        "refName": "ctgA",
        "source": "example",
        "start": 7608,
        "strand": 1,
        "transcript_id": "EDEN.2",
        "type": "three_prime_UTR",
        "uniqueId": "test-offset-108285-7",
      },
    ],
    "transcript_id": "EDEN.2",
    "type": "transcript",
    "uniqueId": "test-offset-108285",
  },
  Object {
    "end": 9000,
    "gene_id": "EDEN",
    "gene_name": "EDEN",
    "name": "EDEN.3",
    "phase": 0,
    "refName": "ctgA",
    "source": "example",
    "start": 1299,
    "strand": 1,
    "subfeatures": Array [
      Object {
        "end": 1500,
        "gene_id": "EDEN",
        "gene_name": "EDEN",
        "name": "EDEN.3",
        "parentId": "test-offset-108763",
        "phase": 0,
        "refName": "ctgA",
        "source": "example",
        "start": 1299,
        "strand": 1,
        "transcript_id": "EDEN.3",
        "type": "exon",
        "uniqueId": "test-offset-108763-0",
      },
      Object {
        "end": 1500,
        "gene_id": "EDEN",
        "gene_name": "EDEN",
        "name": "EDEN.3",
        "parentId": "test-offset-108763",
        "phase": 1,
        "refName": "ctgA",
        "source": "example",
        "start": 1299,
        "strand": 1,
        "transcript_id": "EDEN.3",
        "type": "five_prime_UTR",
        "uniqueId": "test-offset-108763-1",
      },
      Object {
        "end": 3902,
        "gene_id": "EDEN",
        "gene_name": "EDEN",
        "name": "EDEN.3",
        "parentId": "test-offset-108763",
        "phase": 0,
        "refName": "ctgA",
        "source": "example",
        "start": 2999,
        "strand": 1,
        "transcript_id": "EDEN.3",
        "type": "exon",
        "uniqueId": "test-offset-108763-2",
      },
      Object {
        "end": 3300,
        "gene_id": "EDEN",
        "gene_name": "EDEN",
        "name": "EDEN.3",
        "parentId": "test-offset-108763",
        "phase": 1,
        "refName": "ctgA",
        "source": "example",
        "start": 2999,
        "strand": 1,
        "transcript_id": "EDEN.3",
        "type": "five_prime_UTR",
        "uniqueId": "test-offset-108763-3",
      },
      Object {
        "end": 3902,
        "gene_id": "EDEN",
        "gene_name": "EDEN",
        "name": "EDEN.3",
        "parentId": "test-offset-108763",
        "phase": 0,
        "refName": "ctgA",
        "source": "example",
        "start": 3300,
        "strand": 1,
        "transcript_id": "EDEN.3",
        "type": "CDS",
        "uniqueId": "test-offset-108763-4",
      },
      Object {
        "end": 5500,
        "gene_id": "EDEN",
        "gene_name": "EDEN",
        "name": "EDEN.3",
        "parentId": "test-offset-108763",
        "phase": 1,
        "refName": "ctgA",
        "source": "example",
        "start": 4999,
        "strand": 1,
        "transcript_id": "EDEN.3",
        "type": "CDS",
        "uniqueId": "test-offset-108763-5",
      },
      Object {
        "end": 5500,
        "gene_id": "EDEN",
        "gene_name": "EDEN",
        "name": "EDEN.3",
        "parentId": "test-offset-108763",
        "phase": 0,
        "refName": "ctgA",
        "source": "example",
        "start": 4999,
        "strand": 1,
        "transcript_id": "EDEN.3",
        "type": "exon",
        "uniqueId": "test-offset-108763-6",
      },
      Object {
        "end": 7600,
        "gene_id": "EDEN",
        "gene_name": "EDEN",
        "name": "EDEN.3",
        "parentId": "test-offset-108763",
        "phase": 1,
        "refName": "ctgA",
        "source": "example",
        "start": 6999,
        "strand": 1,
        "transcript_id": "EDEN.3",
        "type": "CDS",
        "uniqueId": "test-offset-108763-7",
      },
      Object {
        "end": 9000,
        "gene_id": "EDEN",
        "gene_name": "EDEN",
        "name": "EDEN.3",
        "parentId": "test-offset-108763",
        "phase": 0,
        "refName": "ctgA",
        "source": "example",
        "start": 6999,
        "strand": 1,
        "transcript_id": "EDEN.3",
        "type": "exon",
        "uniqueId": "test-offset-108763-8",
      },
      Object {
        "end": 9000,
        "gene_id": "EDEN",
        "gene_name": "EDEN",
        "name": "EDEN.3",
        "parentId": "test-offset-108763",
        "phase": 1,
        "refName": "ctgA",
        "source": "example",
        "start": 7600,
        "strand": 1,
        "transcript_id": "EDEN.3",
        "type": "three_prime_UTR",
        "uniqueId": "test-offset-108763-9",
      },
    ],
    "transcript_id": "EDEN.3",
    "type": "transcript",
    "uniqueId": "test-offset-108763",
  },
  Object {
    "end": 11500,
    "name": "Apple1",
    "phase": 0,
    "refName": "ctgA",
    "source": "bare_predicted",
    "start": 9999,
    "strand": 1,
    "subfeatures": Array [
      Object {
        "end": 11500,
        "name": "Apple1",
        "parentId": "test-offset-110832",
        "phase": 0,
        "refName": "ctgA",
        "source": "bare_predicted",
        "start": 9999,
        "strand": 1,
        "transcript_id": "Apple1",
        "type": "CDS",
        "uniqueId": "test-offset-110832-0",
      },
    ],
    "transcript_id": "Apple1",
    "type": "transcript",
    "uniqueId": "test-offset-110832",
  },
  Object {
    "end": 17000,
    "name": "cds-Apple2",
    "phase": 0,
    "refName": "ctgA",
    "source": "predicted",
    "start": 13499,
    "strand": 1,
    "subfeatures": Array [
      Object {
        "end": 13800,
        "name": "cds-Apple2",
        "parentId": "test-offset-110898",
        "phase": 0,
        "refName": "ctgA",
        "source": "predicted",
        "start": 13499,
        "strand": 1,
        "transcript_id": "cds-Apple2",
        "type": "CDS",
        "uniqueId": "test-offset-110898-0",
      },
      Object {
        "end": 15500,
        "name": "cds-Apple2",
        "parentId": "test-offset-110898",
        "phase": 1,
        "refName": "ctgA",
        "source": "predicted",
        "start": 14999,
        "strand": 1,
        "transcript_id": "cds-Apple2",
        "type": "CDS",
        "uniqueId": "test-offset-110898-1",
      },
      Object {
        "end": 17000,
        "name": "cds-Apple2",
        "parentId": "test-offset-110898",
        "phase": 2,
        "refName": "ctgA",
        "source": "predicted",
        "start": 16499,
        "strand": 1,
        "transcript_id": "cds-Apple2",
        "type": "CDS",
        "uniqueId": "test-offset-110898-2",
      },
    ],
    "transcript_id": "cds-Apple2",
    "type": "transcript",
    "uniqueId": "test-offset-110898",
  },
  Object {
    "end": 23000,
    "name": "rna-Apple3",
    "phase": 0,
    "refName": "ctgA",
    "source": "exonerate",
    "start": 17399,
    "strand": 1,
    "subfeatures": Array [
      Object {
        "end": 17999,
        "name": "rna-Apple3",
        "parentId": "test-offset-111093",
        "phase": 0,
        "refName": "ctgA",
        "source": "exonerate",
        "start": 17399,
        "strand": 1,
        "transcript_id": "rna-Apple3",
        "type": "UTR",
        "uniqueId": "test-offset-111093-0",
      },
      Object {
        "end": 18800,
        "name": "rna-Apple3",
        "parentId": "test-offset-111093",
        "phase": 0,
        "refName": "ctgA",
        "source": "exonerate",
        "start": 17399,
        "strand": 1,
        "transcript_id": "rna-Apple3",
        "type": "exon",
        "uniqueId": "test-offset-111093-1",
      },
      Object {
        "end": 18800,
        "name": "rna-Apple3",
        "parentId": "test-offset-111093",
        "phase": 0,
        "refName": "ctgA",
        "source": "exonerate",
        "start": 17999,
        "strand": 1,
        "transcript_id": "rna-Apple3",
        "type": "CDS",
        "uniqueId": "test-offset-111093-2",
      },
      Object {
        "end": 19500,
        "name": "rna-Apple3",
        "parentId": "test-offset-111093",
        "phase": 0,
        "refName": "ctgA",
        "source": "exonerate",
        "start": 18999,
        "strand": 1,
        "transcript_id": "rna-Apple3",
        "type": "CDS",
        "uniqueId": "test-offset-111093-3",
      },
      Object {
        "end": 19500,
        "name": "rna-Apple3",
        "parentId": "test-offset-111093",
        "phase": 0,
        "refName": "ctgA",
        "source": "exonerate",
        "start": 18999,
        "strand": 1,
        "transcript_id": "rna-Apple3",
        "type": "exon",
        "uniqueId": "test-offset-111093-4",
      },
      Object {
        "end": 21200,
        "name": "rna-Apple3",
        "parentId": "test-offset-111093",
        "phase": 0,
        "refName": "ctgA",
        "source": "exonerate",
        "start": 20999,
        "strand": 1,
        "transcript_id": "rna-Apple3",
        "type": "CDS",
        "uniqueId": "test-offset-111093-5",
      },
      Object {
        "end": 23000,
        "name": "rna-Apple3",
        "parentId": "test-offset-111093",
        "phase": 0,
        "refName": "ctgA",
        "source": "exonerate",
        "start": 20999,
        "strand": 1,
        "transcript_id": "rna-Apple3",
        "type": "exon",
        "uniqueId": "test-offset-111093-6",
      },
      Object {
        "end": 23000,
        "name": "rna-Apple3",
        "parentId": "test-offset-111093",
        "phase": 0,
        "refName": "ctgA",
        "source": "exonerate",
        "start": 21200,
        "strand": 1,
        "transcript_id": "rna-Apple3",
        "type": "UTR",
        "uniqueId": "test-offset-111093-7",
      },
    ],
    "transcript_id": "rna-Apple3",
    "type": "transcript",
    "uniqueId": "test-offset-111093",
  },
]
`;

exports[`can instantiate new GtfTabixAdapter and check for demo data 1`] = `
Array [
  Object {
    "end": 42373,
    "exon_id": "ENSVPAE00000120021",
    "exon_number": "8",
    "exon_version": "1",
    "gene_biotype": "protein_coding",
    "gene_id": "ENSVPAG00000009976",
    "gene_name": "RNPS1",
    "gene_source": "ensembl",
    "gene_version": "1",
    "name": "ENSVPAT00000009977",
    "phase": 0,
    "refName": "GeneScaffold_10",
    "source": "ensembl",
    "start": 37195,
    "strand": -1,
    "subfeatures": Array [
      Object {
        "end": 37295,
        "exon_id": "ENSVPAE00000120021",
        "exon_number": "8",
        "exon_version": "1",
        "gene_biotype": "protein_coding",
        "gene_id": "ENSVPAG00000009976",
        "gene_name": "RNPS1",
        "gene_source": "ensembl",
        "gene_version": "1",
        "name": "ENSVPAT00000009977",
        "parentId": "test-offset-161690",
        "phase": 0,
        "refName": "GeneScaffold_10",
        "source": "ensembl",
        "start": 37195,
        "strand": -1,
        "transcript_biotype": "protein_coding",
        "transcript_id": "ENSVPAT00000009977",
        "transcript_name": "RNPS1-201",
        "transcript_source": "ensembl",
        "transcript_version": "1",
        "type": "exon",
        "uniqueId": "test-offset-161690-0",
      },
      Object {
        "end": 37198,
        "exon_number": "8",
        "gene_biotype": "protein_coding",
        "gene_id": "ENSVPAG00000009976",
        "gene_name": "RNPS1",
        "gene_source": "ensembl",
        "gene_version": "1",
        "name": "ENSVPAT00000009977",
        "parentId": "test-offset-161690",
        "phase": 0,
        "refName": "GeneScaffold_10",
        "source": "ensembl",
        "start": 37195,
        "strand": -1,
        "transcript_biotype": "protein_coding",
        "transcript_id": "ENSVPAT00000009977",
        "transcript_name": "RNPS1-201",
        "transcript_source": "ensembl",
        "transcript_version": "1",
        "type": "stop_codon",
        "uniqueId": "test-offset-161690-1",
      },
      Object {
        "end": 37295,
        "exon_number": "8",
        "gene_biotype": "protein_coding",
        "gene_id": "ENSVPAG00000009976",
        "gene_name": "RNPS1",
        "gene_source": "ensembl",
        "gene_version": "1",
        "name": "ENSVPAT00000009977",
        "parentId": "test-offset-161690",
        "phase": 1,
        "protein_id": "ENSVPAP00000009285",
        "protein_version": "1",
        "refName": "GeneScaffold_10",
        "source": "ensembl",
        "start": 37198,
        "strand": -1,
        "transcript_biotype": "protein_coding",
        "transcript_id": "ENSVPAT00000009977",
        "transcript_name": "RNPS1-201",
        "transcript_source": "ensembl",
        "transcript_version": "1",
        "type": "CDS",
        "uniqueId": "test-offset-161690-2",
      },
      Object {
        "end": 38136,
        "exon_number": "7",
        "gene_biotype": "protein_coding",
        "gene_id": "ENSVPAG00000009976",
        "gene_name": "RNPS1",
        "gene_source": "ensembl",
        "gene_version": "1",
        "name": "ENSVPAT00000009977",
        "parentId": "test-offset-161690",
        "phase": 2,
        "protein_id": "ENSVPAP00000009285",
        "protein_version": "1",
        "refName": "GeneScaffold_10",
        "source": "ensembl",
        "start": 37994,
        "strand": -1,
        "transcript_biotype": "protein_coding",
        "transcript_id": "ENSVPAT00000009977",
        "transcript_name": "RNPS1-201",
        "transcript_source": "ensembl",
        "transcript_version": "1",
        "type": "CDS",
        "uniqueId": "test-offset-161690-3",
      },
      Object {
        "end": 38136,
        "exon_id": "ENSVPAE00000120020",
        "exon_number": "7",
        "exon_version": "1",
        "gene_biotype": "protein_coding",
        "gene_id": "ENSVPAG00000009976",
        "gene_name": "RNPS1",
        "gene_source": "ensembl",
        "gene_version": "1",
        "name": "ENSVPAT00000009977",
        "parentId": "test-offset-161690",
        "phase": 0,
        "refName": "GeneScaffold_10",
        "source": "ensembl",
        "start": 37994,
        "strand": -1,
        "transcript_biotype": "protein_coding",
        "transcript_id": "ENSVPAT00000009977",
        "transcript_name": "RNPS1-201",
        "transcript_source": "ensembl",
        "transcript_version": "1",
        "type": "exon",
        "uniqueId": "test-offset-161690-4",
      },
      Object {
        "end": 40368,
        "exon_number": "6",
        "gene_biotype": "protein_coding",
        "gene_id": "ENSVPAG00000009976",
        "gene_name": "RNPS1",
        "gene_source": "ensembl",
        "gene_version": "1",
        "name": "ENSVPAT00000009977",
        "parentId": "test-offset-161690",
        "phase": 0,
        "protein_id": "ENSVPAP00000009285",
        "protein_version": "1",
        "refName": "GeneScaffold_10",
        "source": "ensembl",
        "start": 40214,
        "strand": -1,
        "transcript_biotype": "protein_coding",
        "transcript_id": "ENSVPAT00000009977",
        "transcript_name": "RNPS1-201",
        "transcript_source": "ensembl",
        "transcript_version": "1",
        "type": "CDS",
        "uniqueId": "test-offset-161690-5",
      },
      Object {
        "end": 40368,
        "exon_id": "ENSVPAE00000120019",
        "exon_number": "6",
        "exon_version": "1",
        "gene_biotype": "protein_coding",
        "gene_id": "ENSVPAG00000009976",
        "gene_name": "RNPS1",
        "gene_source": "ensembl",
        "gene_version": "1",
        "name": "ENSVPAT00000009977",
        "parentId": "test-offset-161690",
        "phase": 0,
        "refName": "GeneScaffold_10",
        "source": "ensembl",
        "start": 40214,
        "strand": -1,
        "transcript_biotype": "protein_coding",
        "transcript_id": "ENSVPAT00000009977",
        "transcript_name": "RNPS1-201",
        "transcript_source": "ensembl",
        "transcript_version": "1",
        "type": "exon",
        "uniqueId": "test-offset-161690-6",
      },
      Object {
        "end": 40778,
        "exon_number": "5",
        "gene_biotype": "protein_coding",
        "gene_id": "ENSVPAG00000009976",
        "gene_name": "RNPS1",
        "gene_source": "ensembl",
        "gene_version": "1",
        "name": "ENSVPAT00000009977",
        "parentId": "test-offset-161690",
        "phase": 1,
        "protein_id": "ENSVPAP00000009285",
        "protein_version": "1",
        "refName": "GeneScaffold_10",
        "source": "ensembl",
        "start": 40675,
        "strand": -1,
        "transcript_biotype": "protein_coding",
        "transcript_id": "ENSVPAT00000009977",
        "transcript_name": "RNPS1-201",
        "transcript_source": "ensembl",
        "transcript_version": "1",
        "type": "CDS",
        "uniqueId": "test-offset-161690-7",
      },
      Object {
        "end": 40778,
        "exon_id": "ENSVPAE00000120018",
        "exon_number": "5",
        "exon_version": "1",
        "gene_biotype": "protein_coding",
        "gene_id": "ENSVPAG00000009976",
        "gene_name": "RNPS1",
        "gene_source": "ensembl",
        "gene_version": "1",
        "name": "ENSVPAT00000009977",
        "parentId": "test-offset-161690",
        "phase": 0,
        "refName": "GeneScaffold_10",
        "source": "ensembl",
        "start": 40675,
        "strand": -1,
        "transcript_biotype": "protein_coding",
        "transcript_id": "ENSVPAT00000009977",
        "transcript_name": "RNPS1-201",
        "transcript_source": "ensembl",
        "transcript_version": "1",
        "type": "exon",
        "uniqueId": "test-offset-161690-8",
      },
      Object {
        "end": 41147,
        "exon_number": "4",
        "gene_biotype": "protein_coding",
        "gene_id": "ENSVPAG00000009976",
        "gene_name": "RNPS1",
        "gene_source": "ensembl",
        "gene_version": "1",
        "name": "ENSVPAT00000009977",
        "parentId": "test-offset-161690",
        "phase": 0,
        "protein_id": "ENSVPAP00000009285",
        "protein_version": "1",
        "refName": "GeneScaffold_10",
        "source": "ensembl",
        "start": 41085,
        "strand": -1,
        "transcript_biotype": "protein_coding",
        "transcript_id": "ENSVPAT00000009977",
        "transcript_name": "RNPS1-201",
        "transcript_source": "ensembl",
        "transcript_version": "1",
        "type": "CDS",
        "uniqueId": "test-offset-161690-9",
      },
      Object {
        "end": 41147,
        "exon_id": "ENSVPAE00000120015",
        "exon_number": "4",
        "exon_version": "1",
        "gene_biotype": "protein_coding",
        "gene_id": "ENSVPAG00000009976",
        "gene_name": "RNPS1",
        "gene_source": "ensembl",
        "gene_version": "1",
        "name": "ENSVPAT00000009977",
        "parentId": "test-offset-161690",
        "phase": 0,
        "refName": "GeneScaffold_10",
        "source": "ensembl",
        "start": 41085,
        "strand": -1,
        "transcript_biotype": "protein_coding",
        "transcript_id": "ENSVPAT00000009977",
        "transcript_name": "RNPS1-201",
        "transcript_source": "ensembl",
        "transcript_version": "1",
        "type": "exon",
        "uniqueId": "test-offset-161690-10",
      },
      Object {
        "end": 41278,
        "exon_number": "3",
        "gene_biotype": "protein_coding",
        "gene_id": "ENSVPAG00000009976",
        "gene_name": "RNPS1",
        "gene_source": "ensembl",
        "gene_version": "1",
        "name": "ENSVPAT00000009977",
        "parentId": "test-offset-161690",
        "phase": 1,
        "protein_id": "ENSVPAP00000009285",
        "protein_version": "1",
        "refName": "GeneScaffold_10",
        "source": "ensembl",
        "start": 41148,
        "strand": -1,
        "transcript_biotype": "protein_coding",
        "transcript_id": "ENSVPAT00000009977",
        "transcript_name": "RNPS1-201",
        "transcript_source": "ensembl",
        "transcript_version": "1",
        "type": "CDS",
        "uniqueId": "test-offset-161690-11",
      },
      Object {
        "end": 41278,
        "exon_id": "ENSVPAE00000120011",
        "exon_number": "3",
        "exon_version": "1",
        "gene_biotype": "protein_coding",
        "gene_id": "ENSVPAG00000009976",
        "gene_name": "RNPS1",
        "gene_source": "ensembl",
        "gene_version": "1",
        "name": "ENSVPAT00000009977",
        "parentId": "test-offset-161690",
        "phase": 0,
        "refName": "GeneScaffold_10",
        "source": "ensembl",
        "start": 41148,
        "strand": -1,
        "transcript_biotype": "protein_coding",
        "transcript_id": "ENSVPAT00000009977",
        "transcript_name": "RNPS1-201",
        "transcript_source": "ensembl",
        "transcript_version": "1",
        "type": "exon",
        "uniqueId": "test-offset-161690-12",
      },
      Object {
        "end": 42064,
        "exon_number": "2",
        "gene_biotype": "protein_coding",
        "gene_id": "ENSVPAG00000009976",
        "gene_name": "RNPS1",
        "gene_source": "ensembl",
        "gene_version": "1",
        "name": "ENSVPAT00000009977",
        "parentId": "test-offset-161690",
        "phase": 1,
        "protein_id": "ENSVPAP00000009285",
        "protein_version": "1",
        "refName": "GeneScaffold_10",
        "source": "ensembl",
        "start": 41908,
        "strand": -1,
        "transcript_biotype": "protein_coding",
        "transcript_id": "ENSVPAT00000009977",
        "transcript_name": "RNPS1-201",
        "transcript_source": "ensembl",
        "transcript_version": "1",
        "type": "CDS",
        "uniqueId": "test-offset-161690-13",
      },
      Object {
        "end": 42064,
        "exon_id": "ENSVPAE00000120009",
        "exon_number": "2",
        "exon_version": "1",
        "gene_biotype": "protein_coding",
        "gene_id": "ENSVPAG00000009976",
        "gene_name": "RNPS1",
        "gene_source": "ensembl",
        "gene_version": "1",
        "name": "ENSVPAT00000009977",
        "parentId": "test-offset-161690",
        "phase": 0,
        "refName": "GeneScaffold_10",
        "source": "ensembl",
        "start": 41908,
        "strand": -1,
        "transcript_biotype": "protein_coding",
        "transcript_id": "ENSVPAT00000009977",
        "transcript_name": "RNPS1-201",
        "transcript_source": "ensembl",
        "transcript_version": "1",
        "type": "exon",
        "uniqueId": "test-offset-161690-14",
      },
      Object {
        "end": 42373,
        "exon_number": "1",
        "gene_biotype": "protein_coding",
        "gene_id": "ENSVPAG00000009976",
        "gene_name": "RNPS1",
        "gene_source": "ensembl",
        "gene_version": "1",
        "name": "ENSVPAT00000009977",
        "parentId": "test-offset-161690",
        "phase": 0,
        "protein_id": "ENSVPAP00000009285",
        "protein_version": "1",
        "refName": "GeneScaffold_10",
        "source": "ensembl",
        "start": 42302,
        "strand": -1,
        "transcript_biotype": "protein_coding",
        "transcript_id": "ENSVPAT00000009977",
        "transcript_name": "RNPS1-201",
        "transcript_source": "ensembl",
        "transcript_version": "1",
        "type": "CDS",
        "uniqueId": "test-offset-161690-15",
      },
      Object {
        "end": 42373,
        "exon_id": "ENSVPAE00000120008",
        "exon_number": "1",
        "exon_version": "1",
        "gene_biotype": "protein_coding",
        "gene_id": "ENSVPAG00000009976",
        "gene_name": "RNPS1",
        "gene_source": "ensembl",
        "gene_version": "1",
        "name": "ENSVPAT00000009977",
        "parentId": "test-offset-161690",
        "phase": 0,
        "refName": "GeneScaffold_10",
        "source": "ensembl",
        "start": 42302,
        "strand": -1,
        "transcript_biotype": "protein_coding",
        "transcript_id": "ENSVPAT00000009977",
        "transcript_name": "RNPS1-201",
        "transcript_source": "ensembl",
        "transcript_version": "1",
        "type": "exon",
        "uniqueId": "test-offset-161690-16",
      },
      Object {
        "end": 42373,
        "exon_number": "1",
        "gene_biotype": "protein_coding",
        "gene_id": "ENSVPAG00000009976",
        "gene_name": "RNPS1",
        "gene_source": "ensembl",
        "gene_version": "1",
        "name": "ENSVPAT00000009977",
        "parentId": "test-offset-161690",
        "phase": 0,
        "refName": "GeneScaffold_10",
        "source": "ensembl",
        "start": 42370,
        "strand": -1,
        "transcript_biotype": "protein_coding",
        "transcript_id": "ENSVPAT00000009977",
        "transcript_name": "RNPS1-201",
        "transcript_source": "ensembl",
        "transcript_version": "1",
        "type": "start_codon",
        "uniqueId": "test-offset-161690-17",
      },
    ],
    "transcript_biotype": "protein_coding",
    "transcript_id": "ENSVPAT00000009977",
    "transcript_name": "RNPS1-201",
    "transcript_source": "ensembl",
    "transcript_version": "1",
    "type": "transcript",
    "uniqueId": "test-offset-161690",
  },
  Object {
    "end": 42373,
    "gene_biotype": "protein_coding",
    "gene_id": "ENSVPAG00000009976",
    "gene_name": "RNPS1",
    "gene_source": "ensembl",
    "gene_version": "1",
    "name": "ENSVPAT00000009977",
    "phase": 0,
    "refName": "GeneScaffold_10",
    "source": "ensembl",
    "start": 37195,
    "strand": -1,
    "subfeatures": Array [
      Object {
        "end": 37295,
        "exon_number": "8",
        "gene_biotype": "protein_coding",
        "gene_id": "ENSVPAG00000009976",
        "gene_name": "RNPS1",
        "gene_source": "ensembl",
        "gene_version": "1",
        "name": "ENSVPAT00000009977",
        "parentId": "test-offset-162424",
        "phase": 1,
        "protein_id": "ENSVPAP00000009285",
        "protein_version": "1",
        "refName": "GeneScaffold_10",
        "source": "ensembl",
        "start": 37198,
        "strand": -1,
        "transcript_biotype": "protein_coding",
        "transcript_id": "ENSVPAT00000009977",
        "transcript_name": "RNPS1-201",
        "transcript_source": "ensembl",
        "transcript_version": "1",
        "type": "CDS",
        "uniqueId": "test-offset-162424-0",
      },
      Object {
        "end": 38136,
        "exon_number": "7",
        "gene_biotype": "protein_coding",
        "gene_id": "ENSVPAG00000009976",
        "gene_name": "RNPS1",
        "gene_source": "ensembl",
        "gene_version": "1",
        "name": "ENSVPAT00000009977",
        "parentId": "test-offset-162424",
        "phase": 2,
        "protein_id": "ENSVPAP00000009285",
        "protein_version": "1",
        "refName": "GeneScaffold_10",
        "source": "ensembl",
        "start": 37994,
        "strand": -1,
        "transcript_biotype": "protein_coding",
        "transcript_id": "ENSVPAT00000009977",
        "transcript_name": "RNPS1-201",
        "transcript_source": "ensembl",
        "transcript_version": "1",
        "type": "CDS",
        "uniqueId": "test-offset-162424-1",
      },
      Object {
        "end": 38136,
        "exon_id": "ENSVPAE00000120020",
        "exon_number": "7",
        "exon_version": "1",
        "gene_biotype": "protein_coding",
        "gene_id": "ENSVPAG00000009976",
        "gene_name": "RNPS1",
        "gene_source": "ensembl",
        "gene_version": "1",
        "name": "ENSVPAT00000009977",
        "parentId": "test-offset-162424",
        "phase": 0,
        "refName": "GeneScaffold_10",
        "source": "ensembl",
        "start": 37994,
        "strand": -1,
        "transcript_biotype": "protein_coding",
        "transcript_id": "ENSVPAT00000009977",
        "transcript_name": "RNPS1-201",
        "transcript_source": "ensembl",
        "transcript_version": "1",
        "type": "exon",
        "uniqueId": "test-offset-162424-2",
      },
      Object {
        "end": 40368,
        "exon_number": "6",
        "gene_biotype": "protein_coding",
        "gene_id": "ENSVPAG00000009976",
        "gene_name": "RNPS1",
        "gene_source": "ensembl",
        "gene_version": "1",
        "name": "ENSVPAT00000009977",
        "parentId": "test-offset-162424",
        "phase": 0,
        "protein_id": "ENSVPAP00000009285",
        "protein_version": "1",
        "refName": "GeneScaffold_10",
        "source": "ensembl",
        "start": 40214,
        "strand": -1,
        "transcript_biotype": "protein_coding",
        "transcript_id": "ENSVPAT00000009977",
        "transcript_name": "RNPS1-201",
        "transcript_source": "ensembl",
        "transcript_version": "1",
        "type": "CDS",
        "uniqueId": "test-offset-162424-3",
      },
      Object {
        "end": 40368,
        "exon_id": "ENSVPAE00000120019",
        "exon_number": "6",
        "exon_version": "1",
        "gene_biotype": "protein_coding",
        "gene_id": "ENSVPAG00000009976",
        "gene_name": "RNPS1",
        "gene_source": "ensembl",
        "gene_version": "1",
        "name": "ENSVPAT00000009977",
        "parentId": "test-offset-162424",
        "phase": 0,
        "refName": "GeneScaffold_10",
        "source": "ensembl",
        "start": 40214,
        "strand": -1,
        "transcript_biotype": "protein_coding",
        "transcript_id": "ENSVPAT00000009977",
        "transcript_name": "RNPS1-201",
        "transcript_source": "ensembl",
        "transcript_version": "1",
        "type": "exon",
        "uniqueId": "test-offset-162424-4",
      },
      Object {
        "end": 40778,
        "exon_number": "5",
        "gene_biotype": "protein_coding",
        "gene_id": "ENSVPAG00000009976",
        "gene_name": "RNPS1",
        "gene_source": "ensembl",
        "gene_version": "1",
        "name": "ENSVPAT00000009977",
        "parentId": "test-offset-162424",
        "phase": 1,
        "protein_id": "ENSVPAP00000009285",
        "protein_version": "1",
        "refName": "GeneScaffold_10",
        "source": "ensembl",
        "start": 40675,
        "strand": -1,
        "transcript_biotype": "protein_coding",
        "transcript_id": "ENSVPAT00000009977",
        "transcript_name": "RNPS1-201",
        "transcript_source": "ensembl",
        "transcript_version": "1",
        "type": "CDS",
        "uniqueId": "test-offset-162424-5",
      },
      Object {
        "end": 40778,
        "exon_id": "ENSVPAE00000120018",
        "exon_number": "5",
        "exon_version": "1",
        "gene_biotype": "protein_coding",
        "gene_id": "ENSVPAG00000009976",
        "gene_name": "RNPS1",
        "gene_source": "ensembl",
        "gene_version": "1",
        "name": "ENSVPAT00000009977",
        "parentId": "test-offset-162424",
        "phase": 0,
        "refName": "GeneScaffold_10",
        "source": "ensembl",
        "start": 40675,
        "strand": -1,
        "transcript_biotype": "protein_coding",
        "transcript_id": "ENSVPAT00000009977",
        "transcript_name": "RNPS1-201",
        "transcript_source": "ensembl",
        "transcript_version": "1",
        "type": "exon",
        "uniqueId": "test-offset-162424-6",
      },
      Object {
        "end": 41147,
        "exon_number": "4",
        "gene_biotype": "protein_coding",
        "gene_id": "ENSVPAG00000009976",
        "gene_name": "RNPS1",
        "gene_source": "ensembl",
        "gene_version": "1",
        "name": "ENSVPAT00000009977",
        "parentId": "test-offset-162424",
        "phase": 0,
        "protein_id": "ENSVPAP00000009285",
        "protein_version": "1",
        "refName": "GeneScaffold_10",
        "source": "ensembl",
        "start": 41085,
        "strand": -1,
        "transcript_biotype": "protein_coding",
        "transcript_id": "ENSVPAT00000009977",
        "transcript_name": "RNPS1-201",
        "transcript_source": "ensembl",
        "transcript_version": "1",
        "type": "CDS",
        "uniqueId": "test-offset-162424-7",
      },
      Object {
        "end": 41147,
        "exon_id": "ENSVPAE00000120015",
        "exon_number": "4",
        "exon_version": "1",
        "gene_biotype": "protein_coding",
        "gene_id": "ENSVPAG00000009976",
        "gene_name": "RNPS1",
        "gene_source": "ensembl",
        "gene_version": "1",
        "name": "ENSVPAT00000009977",
        "parentId": "test-offset-162424",
        "phase": 0,
        "refName": "GeneScaffold_10",
        "source": "ensembl",
        "start": 41085,
        "strand": -1,
        "transcript_biotype": "protein_coding",
        "transcript_id": "ENSVPAT00000009977",
        "transcript_name": "RNPS1-201",
        "transcript_source": "ensembl",
        "transcript_version": "1",
        "type": "exon",
        "uniqueId": "test-offset-162424-8",
      },
      Object {
        "end": 41278,
        "exon_number": "3",
        "gene_biotype": "protein_coding",
        "gene_id": "ENSVPAG00000009976",
        "gene_name": "RNPS1",
        "gene_source": "ensembl",
        "gene_version": "1",
        "name": "ENSVPAT00000009977",
        "parentId": "test-offset-162424",
        "phase": 1,
        "protein_id": "ENSVPAP00000009285",
        "protein_version": "1",
        "refName": "GeneScaffold_10",
        "source": "ensembl",
        "start": 41148,
        "strand": -1,
        "transcript_biotype": "protein_coding",
        "transcript_id": "ENSVPAT00000009977",
        "transcript_name": "RNPS1-201",
        "transcript_source": "ensembl",
        "transcript_version": "1",
        "type": "CDS",
        "uniqueId": "test-offset-162424-9",
      },
      Object {
        "end": 41278,
        "exon_id": "ENSVPAE00000120011",
        "exon_number": "3",
        "exon_version": "1",
        "gene_biotype": "protein_coding",
        "gene_id": "ENSVPAG00000009976",
        "gene_name": "RNPS1",
        "gene_source": "ensembl",
        "gene_version": "1",
        "name": "ENSVPAT00000009977",
        "parentId": "test-offset-162424",
        "phase": 0,
        "refName": "GeneScaffold_10",
        "source": "ensembl",
        "start": 41148,
        "strand": -1,
        "transcript_biotype": "protein_coding",
        "transcript_id": "ENSVPAT00000009977",
        "transcript_name": "RNPS1-201",
        "transcript_source": "ensembl",
        "transcript_version": "1",
        "type": "exon",
        "uniqueId": "test-offset-162424-10",
      },
      Object {
        "end": 42064,
        "exon_number": "2",
        "gene_biotype": "protein_coding",
        "gene_id": "ENSVPAG00000009976",
        "gene_name": "RNPS1",
        "gene_source": "ensembl",
        "gene_version": "1",
        "name": "ENSVPAT00000009977",
        "parentId": "test-offset-162424",
        "phase": 1,
        "protein_id": "ENSVPAP00000009285",
        "protein_version": "1",
        "refName": "GeneScaffold_10",
        "source": "ensembl",
        "start": 41908,
        "strand": -1,
        "transcript_biotype": "protein_coding",
        "transcript_id": "ENSVPAT00000009977",
        "transcript_name": "RNPS1-201",
        "transcript_source": "ensembl",
        "transcript_version": "1",
        "type": "CDS",
        "uniqueId": "test-offset-162424-11",
      },
      Object {
        "end": 42064,
        "exon_id": "ENSVPAE00000120009",
        "exon_number": "2",
        "exon_version": "1",
        "gene_biotype": "protein_coding",
        "gene_id": "ENSVPAG00000009976",
        "gene_name": "RNPS1",
        "gene_source": "ensembl",
        "gene_version": "1",
        "name": "ENSVPAT00000009977",
        "parentId": "test-offset-162424",
        "phase": 0,
        "refName": "GeneScaffold_10",
        "source": "ensembl",
        "start": 41908,
        "strand": -1,
        "transcript_biotype": "protein_coding",
        "transcript_id": "ENSVPAT00000009977",
        "transcript_name": "RNPS1-201",
        "transcript_source": "ensembl",
        "transcript_version": "1",
        "type": "exon",
        "uniqueId": "test-offset-162424-12",
      },
      Object {
        "end": 42373,
        "exon_number": "1",
        "gene_biotype": "protein_coding",
        "gene_id": "ENSVPAG00000009976",
        "gene_name": "RNPS1",
        "gene_source": "ensembl",
        "gene_version": "1",
        "name": "ENSVPAT00000009977",
        "parentId": "test-offset-162424",
        "phase": 0,
        "protein_id": "ENSVPAP00000009285",
        "protein_version": "1",
        "refName": "GeneScaffold_10",
        "source": "ensembl",
        "start": 42302,
        "strand": -1,
        "transcript_biotype": "protein_coding",
        "transcript_id": "ENSVPAT00000009977",
        "transcript_name": "RNPS1-201",
        "transcript_source": "ensembl",
        "transcript_version": "1",
        "type": "CDS",
        "uniqueId": "test-offset-162424-13",
      },
      Object {
        "end": 42373,
        "exon_id": "ENSVPAE00000120008",
        "exon_number": "1",
        "exon_version": "1",
        "gene_biotype": "protein_coding",
        "gene_id": "ENSVPAG00000009976",
        "gene_name": "RNPS1",
        "gene_source": "ensembl",
        "gene_version": "1",
        "name": "ENSVPAT00000009977",
        "parentId": "test-offset-162424",
        "phase": 0,
        "refName": "GeneScaffold_10",
        "source": "ensembl",
        "start": 42302,
        "strand": -1,
        "transcript_biotype": "protein_coding",
        "transcript_id": "ENSVPAT00000009977",
        "transcript_name": "RNPS1-201",
        "transcript_source": "ensembl",
        "transcript_version": "1",
        "type": "exon",
        "uniqueId": "test-offset-162424-14",
      },
      Object {
        "end": 42373,
        "exon_number": "1",
        "gene_biotype": "protein_coding",
        "gene_id": "ENSVPAG00000009976",
        "gene_name": "RNPS1",
        "gene_source": "ensembl",
        "gene_version": "1",
        "name": "ENSVPAT00000009977",
        "parentId": "test-offset-162424",
        "phase": 0,
        "refName": "GeneScaffold_10",
        "source": "ensembl",
        "start": 42370,
        "strand": -1,
        "transcript_biotype": "protein_coding",
        "transcript_id": "ENSVPAT00000009977",
        "transcript_name": "RNPS1-201",
        "transcript_source": "ensembl",
        "transcript_version": "1",
        "type": "start_codon",
        "uniqueId": "test-offset-162424-15",
      },
    ],
    "transcript_biotype": "protein_coding",
    "transcript_id": "ENSVPAT00000009977",
    "transcript_name": "RNPS1-201",
    "transcript_source": "ensembl",
    "transcript_version": "1",
    "type": "transcript",
    "uniqueId": "test-offset-162424",
  },
]
`;
