// Jest Snapshot v1, https://goo.gl/fbAQLP

exports[`fails if the fetch does not return the right file 1`] = `
"No manifest.json found in this directory, are you sure it is an
        existing jbrowse 2 installation?"
`;

exports[`fails if user selects a directory that does not exist 1`] = `
"No manifest.json found in this directory, are you sure it is an
        existing jbrowse 2 installation?"
`;

exports[`fails if user selects a directory that does not have a installation 1`] = `
"No manifest.json found in this directory, are you sure it is an
        existing jbrowse 2 installation?"
`;

exports[`fails to upgrade if version does not exist 1`] = `
"No manifest.json found in this directory, are you sure it is an
        existing jbrowse 2 installation?"
`;
