// Jest Snapshot v1, https://jestjs.io/docs/snapshot-testing

exports[`every registered schema slot default 1`] = `
{
  "adapter: AllVsAllIndexedPAFAdapter": {
    "assemblyNameToPanSN": "frozen = {}",
    "assemblyNames": "stringArray = []",
    "coarseBpPerPxThreshold": "number = 10000",
    "pifGzLocation": "fileLocation = {"uri":"/path/to/all_vs_all.pif.gz","locationType":"UriLocation"}",
  },
  "adapter: AllVsAllPAFAdapter": {
    "assemblyNameToPanSN": "frozen = {}",
    "assemblyNames": "stringArray = []",
    "pafLocation": "fileLocation = {"uri":"/path/to/file.paf","locationType":"UriLocation"}",
  },
  "adapter: BamAdapter": {
    "bamLocation": "fileLocation = {"uri":"/path/to/my.bam","locationType":"UriLocation"}",
    "fetchSizeLimit": "number = 5000000",
  },
  "adapter: BedAdapter": {
    "autoSql": "string = """,
    "bedLocation": "fileLocation = {"uri":"/path/to/my.bed.gz","locationType":"UriLocation"}",
    "colEnd": "number = 2",
    "colRef": "number = 0",
    "colStart": "number = 1",
    "columnNames": "stringArray = []",
    "disableGeneHeuristic": "boolean = false",
    "scoreColumn": "string = """,
  },
  "adapter: BedGraphAdapter": {
    "bedGraphLocation": "fileLocation = {"uri":"/path/to/my.bedgraph","locationType":"UriLocation"}",
    "columnNames": "stringArray = []",
  },
  "adapter: BedGraphTabixAdapter": {
    "bedGraphGzLocation": "fileLocation = {"uri":"/path/to/my.bedgraph","locationType":"UriLocation"}",
    "columnNames": "stringArray = []",
  },
  "adapter: BedTabixAdapter": {
    "autoSql": "string = """,
    "bedGzLocation": "fileLocation = {"uri":"/path/to/my.bed.gz","locationType":"UriLocation"}",
    "columnNames": "stringArray = []",
    "disableGeneHeuristic": "boolean = false",
    "scoreColumn": "string = """,
  },
  "adapter: BedpeAdapter": {
    "bedpeLocation": "fileLocation = {"uri":"/path/to/my.bedpe.gz","locationType":"UriLocation"}",
    "columnNames": "stringArray = []",
  },
  "adapter: BgzipFastaAdapter": {
    "faiLocation": "fileLocation = {"uri":"/path/to/seq.fa.gz.fai","locationType":"UriLocation"}",
    "fastaLocation": "fileLocation = {"uri":"/path/to/seq.fa.gz","locationType":"UriLocation"}",
    "gziLocation": "fileLocation = {"uri":"/path/to/seq.fa.gz.gzi","locationType":"UriLocation"}",
    "metadataLocation": "fileLocation = {"uri":"/path/to/fa.metadata.yaml","locationType":"UriLocation"}",
  },
  "adapter: BgzipMafAdapter": {
    "annotationAdapter": "frozen = null",
    "mafGzLocation": "fileLocation = {"uri":"/path/to/my.maf.gz","locationType":"UriLocation"}",
    "nhLocation": "fileLocation = {"uri":"/path/to/my.nh","locationType":"UriLocation"}",
    "samples": "frozen = []",
    "summaryAdapter": "frozen = null",
    "taiLocation": "fileLocation = {"uri":"/path/to/my.maf.gz.tai","locationType":"UriLocation"}",
  },
  "adapter: BgzipTaffyAdapter": {
    "annotationAdapter": "frozen = null",
    "nhLocation": "fileLocation = {"uri":"/path/to/my.nh","locationType":"UriLocation"}",
    "samples": "frozen = []",
    "summaryAdapter": "frozen = null",
    "tafGzLocation": "fileLocation = {"uri":"/path/to/my.taf.gz","locationType":"UriLocation"}",
    "taiLocation": "fileLocation = {"uri":"/path/to/my.taf.gz.tai","locationType":"UriLocation"}",
  },
  "adapter: BigBedAdapter": {
    "aggregateField": "string = "geneName2"",
    "bigBedLocation": "fileLocation = {"uri":"/path/to/my.bb","locationType":"UriLocation"}",
    "disableGeneHeuristic": "boolean = false",
    "scoreColumn": "string = """,
  },
  "adapter: BigMafAdapter": {
    "annotationAdapter": "frozen = null",
    "bigBedLocation": "fileLocation = {"uri":"/path/to/my.bb","locationType":"UriLocation"}",
    "nhLocation": "fileLocation = {"uri":"/path/to/my.nh","locationType":"UriLocation"}",
    "samples": "frozen = []",
    "summaryAdapter": "frozen = null",
  },
  "adapter: BigWigAdapter": {
    "bigWigLocation": "fileLocation = {"uri":"/path/to/my.bw","locationType":"UriLocation"}",
    "resolutionMultiplier": "number = 1",
    "source": "string = """,
  },
  "adapter: BlastTabularAdapter": {
    "assemblyNames": "stringArray = []",
    "blastTableLocation": "fileLocation = {"uri":"/path/to/blastTable.tsv","locationType":"UriLocation"}",
    "columns": "string = "qseqid sseqid pident length mismatch gapopen qstart qend sstart send evalue bitscore"",
    "queryAssembly": "string = """,
    "targetAssembly": "string = """,
  },
  "adapter: ChainAdapter": {
    "assemblyNames": "stringArray = []",
    "chainLocation": "fileLocation = {"uri":"/path/to/file.chain","locationType":"UriLocation"}",
    "queryAssembly": "string = """,
    "targetAssembly": "string = """,
  },
  "adapter: ChromSizesAdapter": {
    "chromSizesLocation": "fileLocation = {"uri":"/path/to/species.chrom.sizes","locationType":"UriLocation"}",
  },
  "adapter: CramAdapter": {
    "craiLocation": "fileLocation = {"uri":"/path/to/my.cram.crai","locationType":"UriLocation"}",
    "cramLocation": "fileLocation = {"uri":"/path/to/my.cram","locationType":"UriLocation"}",
    "fetchSizeLimit": "number = 5000000",
    "useSliceWorkerPool": "boolean = true",
  },
  "adapter: CrisprGuideAdapter": {
    "cutOffset": "number = 3",
    "cutOffsetBottom": "number = 3",
    "excludePolyT": "boolean = false",
    "guideLength": "number = 20",
    "maxGcPercent": "number = 100",
    "minGcPercent": "number = 0",
    "pam": "string = "NGG"",
    "pamLocation": "stringEnum = "3prime" of ["3prime","5prime"]",
    "searchForward": "boolean = true",
    "searchReverse": "boolean = true",
    "sequenceAdapter": "frozen = null",
  },
  "adapter: CytobandAdapter": {
    "cytobandLocation": "fileLocation = {"uri":"/path/to/cytoband.txt.gz"}",
  },
  "adapter: DeltaAdapter": {
    "assemblyNames": "stringArray = []",
    "deltaLocation": "fileLocation = {"uri":"/path/to/file.delta","locationType":"UriLocation"}",
    "queryAssembly": "string = """,
    "targetAssembly": "string = """,
  },
  "adapter: FromConfigAdapter": {
    "adapterId": "string = """,
    "features": "frozen = []",
  },
  "adapter: FromConfigRegionsAdapter": {
    "adapterId": "string = """,
    "features": "frozen = []",
  },
  "adapter: FromConfigSequenceAdapter": {
    "adapterId": "string = """,
    "features": "frozen = []",
  },
  "adapter: GCContentAdapter": {
    "gcMode": "stringEnum = "content" of ["content","skew"]",
    "sequenceAdapter": "frozen = null",
    "windowDelta": "number = 100",
    "windowSize": "number = 100",
  },
  "adapter: GWASAdapter": {
    "autoSql": "string = """,
    "bedGzLocation": "fileLocation = {"uri":"/path/to/my.bed.gz","locationType":"UriLocation"}",
    "columnNames": "stringArray = []",
    "disableGeneHeuristic": "boolean = false",
    "ldAdapter": "frozen = null",
    "scoreColumn": "string = "neg_log_pvalue"",
    "scoreTransform": "string = "none"",
  },
  "adapter: Gff3Adapter": {
    "gffLocation": "fileLocation = {"uri":"/path/to/my.gff","locationType":"UriLocation"}",
  },
  "adapter: Gff3TabixAdapter": {
    "dontRedispatch": "stringArray = ["chromosome","region","contig","supercontig","scaffold"]",
    "gffGzLocation": "fileLocation = {"uri":"/path/to/my.gff.gz","locationType":"UriLocation"}",
  },
  "adapter: GtfAdapter": {
    "aggregateField": "string = "gene_name"",
    "gtfLocation": "fileLocation = {"uri":"/path/to/my.gtf","locationType":"UriLocation"}",
  },
  "adapter: GtfTabixAdapter": {
    "aggregateField": "string = "gene_name"",
    "dontRedispatch": "stringArray = ["chromosome","region","contig","supercontig","scaffold"]",
    "gtfGzLocation": "fileLocation = {"uri":"/path/to/my.gtf.gz","locationType":"UriLocation"}",
  },
  "adapter: HicAdapter": {
    "hicLocation": "fileLocation = {"uri":"/path/to/my.hic","locationType":"UriLocation"}",
  },
  "adapter: HtsgetBamAdapter": {
    "htsgetBase": "string = """,
    "htsgetTrackId": "string = """,
  },
  "adapter: IndexedFastaAdapter": {
    "faiLocation": "fileLocation = {"uri":"/path/to/seq.fa.fai","locationType":"UriLocation"}",
    "fastaLocation": "fileLocation = {"uri":"/path/to/seq.fa","locationType":"UriLocation"}",
    "metadataLocation": "fileLocation = {"uri":"/path/to/fa.metadata.yaml","locationType":"UriLocation"}",
  },
  "adapter: MCScanAnchorsAdapter": {
    "assemblyNames": "stringArray = []",
    "bed1Location": "fileLocation = {"uri":"/path/to/file.bed","locationType":"UriLocation"}",
    "bed2Location": "fileLocation = {"uri":"/path/to/file.bed","locationType":"UriLocation"}",
    "mcscanAnchorsLocation": "fileLocation = {"uri":"/path/to/mcscan.anchors","locationType":"UriLocation"}",
  },
  "adapter: MCScanBlocksAdapter": {
    "assemblyNames": "stringArray = []",
    "attributeColumns": "stringArray = []",
    "bedLocations": "frozen = []",
    "blockAssemblies": "stringArray = []",
    "mcscanBlocksLocation": "fileLocation = {"uri":"/path/to/mcscan.blocks","locationType":"UriLocation"}",
  },
  "adapter: MCScanSimpleAnchorsAdapter": {
    "assemblyNames": "stringArray = []",
    "bed1Location": "fileLocation = {"uri":"/path/to/file.bed","locationType":"UriLocation"}",
    "bed2Location": "fileLocation = {"uri":"/path/to/file.bed","locationType":"UriLocation"}",
    "mcscanSimpleAnchorsLocation": "fileLocation = {"uri":"/path/to/mcscan.anchors.simple","locationType":"UriLocation"}",
  },
  "adapter: MafTabixAdapter": {
    "annotationAdapter": "frozen = null",
    "bedGzLocation": "fileLocation = {"uri":"/path/to/my.bed.gz","locationType":"UriLocation"}",
    "nhLocation": "fileLocation = {"uri":"/path/to/my.nh","locationType":"UriLocation"}",
    "refAssemblyName": "string = """,
    "samples": "frozen = []",
    "summaryAdapter": "frozen = null",
  },
  "adapter: MashMapAdapter": {
    "assemblyNames": "stringArray = []",
    "outLocation": "fileLocation = {"uri":"/path/to/mashmap.out","locationType":"UriLocation"}",
    "queryAssembly": "string = """,
    "targetAssembly": "string = """,
  },
  "adapter: MotifListAdapter": {
    "motifs": "text = """,
    "searchForward": "boolean = true",
    "searchReverse": "boolean = true",
    "sequenceAdapter": "frozen = null",
  },
  "adapter: MultiWiggleAdapter": {
    "bigWigs": "frozen = []",
    "subadapters": "frozen = []",
  },
  "adapter: NCListAdapter": {
    "refNames": "stringArray = []",
    "rootUrlTemplate": "fileLocation = {"uri":"/path/to/my/{refseq}/trackData.json","locationType":"UriLocation"}",
  },
  "adapter: NcbiSequenceReportAliasAdapter": {
    "location": "fileLocation = {"uri":"/path/to/my/sequence_report.tsv","locationType":"UriLocation"}",
    "useNameOverride": "boolean = true",
  },
  "adapter: PAFAdapter": {
    "assemblyNames": "stringArray = []",
    "pafLocation": "fileLocation = {"uri":"/path/to/file.paf","locationType":"UriLocation"}",
    "queryAssembly": "string = """,
    "targetAssembly": "string = """,
  },
  "adapter: PairwiseIndexedPAFAdapter": {
    "assemblyNames": "stringArray = []",
    "coarseBpPerPxThreshold": "number = 10000",
    "pifGzLocation": "fileLocation = {"uri":"/path/to/data/file.pif.gz","locationType":"UriLocation"}",
    "queryAssembly": "string = """,
    "targetAssembly": "string = """,
  },
  "adapter: PlinkLDAdapter": {
    "ldLocation": "fileLocation = {"uri":"/path/to/plink.ld","locationType":"UriLocation"}",
  },
  "adapter: PlinkLDTabixAdapter": {
    "ldLocation": "fileLocation = {"uri":"/path/to/plink.ld.gz","locationType":"UriLocation"}",
  },
  "adapter: RefNameAliasAdapter": {
    "location": "fileLocation = {"uri":"/path/to/my/aliases.txt","locationType":"UriLocation"}",
    "refNameColumn": "number = 0",
    "refNameColumnHeaderName": "string = """,
  },
  "adapter: SPARQLAdapter": {
    "additionalQueryParams": "stringArray = []",
    "endpoint": "fileLocation = {"uri":"https://somesite.com/sparql","locationType":"UriLocation"}",
    "queryTemplate": "text = """,
    "refNames": "stringArray = []",
    "refNamesQueryTemplate": "text = """,
  },
  "adapter: SamAdapter": {
    "samLocation": "fileLocation = {"uri":"/path/to/my.sam","locationType":"UriLocation"}",
    "samText": "text = """,
  },
  "adapter: SequenceSearchAdapter": {
    "caseInsensitive": "boolean = true",
    "search": "string = """,
    "searchForward": "boolean = true",
    "searchReverse": "boolean = true",
    "sequenceAdapter": "frozen = null",
  },
  "adapter: SplitVcfTabixAdapter": {
    "fetchSizeLimit": "number = 5000000",
    "indexLocationMap": "frozen = {}",
    "indexType": "stringEnum = "TBI" of ["TBI","CSI"]",
    "samplesTsvLocation": "fileLocation = {"uri":"/path/to/samples.tsv","locationType":"UriLocation"}",
    "vcfGzLocationMap": "frozen = {}",
  },
  "adapter: StarFusionAdapter": {
    "starFusionLocation": "fileLocation = {"uri":"/path/to/star-fusion.fusion_predictions.tsv","locationType":"UriLocation"}",
  },
  "adapter: TwoBitAdapter": {
    "chromSizesLocation": "fileLocation = {"uri":"/path/to/default.chrom.sizes","locationType":"UriLocation"}",
    "twoBitLocation": "fileLocation = {"uri":"/path/to/my.2bit","locationType":"UriLocation"}",
  },
  "adapter: UnindexedFastaAdapter": {
    "fastaLocation": "fileLocation = {"uri":"/path/to/seq.fa","locationType":"UriLocation"}",
    "metadataLocation": "fileLocation = {"uri":"/path/to/fa.metadata.yaml","locationType":"UriLocation"}",
    "rewriteRefNames": "string = """,
  },
  "adapter: VcfAdapter": {
    "samplesTsvLocation": "fileLocation = {"uri":"/path/to/samples.tsv","locationType":"UriLocation"}",
    "vcfLocation": "fileLocation = {"uri":"/path/to/my.vcf","locationType":"UriLocation"}",
  },
  "adapter: VcfTabixAdapter": {
    "fetchSizeLimit": "number = 5000000",
    "samplesTsvLocation": "fileLocation = {"uri":"/path/to/samples.tsv","locationType":"UriLocation"}",
    "vcfGzLocation": "fileLocation = {"uri":"/path/to/my.vcf.gz","locationType":"UriLocation"}",
  },
  "connection: JB2TrackHubConnection": {
    "assemblyNames": "stringArray = []",
    "configJsonLocation": "fileLocation = {"uri":"https://mysite.com/path/to/config.json","locationType":"UriLocation"}",
    "name": "string = "nameOfConnection"",
  },
  "connection: JBrowse1Connection": {
    "assemblyNames": "stringArray = []",
    "dataDirLocation": "fileLocation = {"uri":"https://mysite.com/jbrowse/data/","locationType":"UriLocation"}",
    "name": "string = "nameOfConnection"",
  },
  "connection: UCSCTrackHubConnection": {
    "assemblyNames": "stringArray = []",
    "hubTxtLocation": "fileLocation = {"uri":"https://mysite.com/path/to/hub.txt","locationType":"UriLocation"}",
    "name": "string = "nameOfConnection"",
  },
  "display: ChordVariantDisplay": {
    "onChordClick": "boolean = false",
    "strokeColor": "color = "rgba(255,133,0,0.32)"",
    "strokeColorHover": "color = "#555"",
    "strokeColorSelected": "color = "black"",
  },
  "display: DotplotDisplay": {},
  "display: LDDisplay": {
    "callRateFilter": "number = 0",
    "fetchSizeLimit": "number = 1000000",
    "forceLoad": "boolean = false",
    "height": "number = 400",
    "hweFilterThreshold": "number = 0",
    "jexlFilters": "stringArray = []",
    "ldMetric": "stringEnum = "r2" of ["r2","dprime"]",
    "lengthCutoffFilter": "number = 9007199254740991",
    "lineZoneHeight": "number = 100",
    "maxFeatureScreenDensity": "number = 1",
    "minorAlleleFrequencyFilter": "number = 0.1",
    "mouseover": "string = "jexl:get(feature,'_mouseOver')||get(feature,'name')||get(feature,'function')||get(feature,'id')"",
    "showLDTriangle": "boolean = true",
    "showLabels": "boolean = false",
    "showLegend": "maybeBoolean promotedBase false",
    "showVerticalGuides": "boolean = true",
    "signedLD": "boolean = false",
    "squashToHeight": "boolean = false",
    "tickHeight": "number = 6",
    "useGenomicPositions": "boolean = false",
  },
  "display: LDTrackDisplay": {
    "callRateFilter": "number = 0",
    "fetchSizeLimit": "number = 1000000",
    "forceLoad": "boolean = false",
    "height": "number = 400",
    "hweFilterThreshold": "number = 0",
    "jexlFilters": "stringArray = []",
    "ldMetric": "stringEnum = "r2" of ["r2","dprime"]",
    "lengthCutoffFilter": "number = 9007199254740991",
    "lineZoneHeight": "number = 100",
    "maxFeatureScreenDensity": "number = 1",
    "minorAlleleFrequencyFilter": "number = 0.1",
    "mouseover": "string = "jexl:get(feature,'_mouseOver')||get(feature,'name')||get(feature,'function')||get(feature,'id')"",
    "showLDTriangle": "boolean = true",
    "showLabels": "boolean = false",
    "showLegend": "maybeBoolean promotedBase false",
    "showVerticalGuides": "boolean = true",
    "signedLD": "boolean = false",
    "squashToHeight": "boolean = false",
    "tickHeight": "number = 6",
    "useGenomicPositions": "boolean = false",
  },
  "display: LGVSyntenyDisplay": {
    "arcColorByType": "stringEnum = "insertSizeAndOrientation" of ["insertSizeAndOrientation","insertSize","orientation"]",
    "autoscale": "stringEnum = "local" of ["local","localsd"]",
    "collapseGroupRows": "boolean = true",
    "colorBy": "maybeFrozen promotedBase {"type":"strand"}",
    "colorSupplementaryChains": "boolean = false",
    "coverageHeight": "number = 45",
    "coverageSnpMinFrequency": "number = 0",
    "drawInter": "boolean = true",
    "drawLongRange": "boolean = true",
    "drawProperPairArcs": "boolean = true",
    "drawProperPairs": "boolean = true",
    "drawSingletons": "boolean = true",
    "featureHeight": "maybeNumber promotedBase 7",
    "fetchSizeLimit": "number = 1000000",
    "filterBy": "frozen = {"flagInclude":0,"flagExclude":1540}",
    "flipStrandLongReadChains": "boolean = true",
    "forceLoad": "boolean = false",
    "groupBy": "frozen = null",
    "growMaxHeight": "number = 800",
    "height": "number = 250",
    "heightMode": "maybeStringEnum promotedBase "fixed" of ["fixed","grow","fit"]",
    "hideSelfAlignments": "boolean = false",
    "jexlFilters": "stringArray = []",
    "largeFeaturesFirst": "boolean = true",
    "linkedReads": "maybeStringEnum promotedBase "off" of ["off","normal"]",
    "maxFeatureScreenDensity": "number = 1",
    "maxHeight": "number = 6000",
    "maxScore": "number = 1.7976931348623157e+308",
    "minInterchromSupport": "number = 2",
    "minSashimiScore": "number = 2",
    "minScore": "number = 5e-324",
    "mismatchAlpha": "maybeBoolean promotedBase false",
    "mouseover": "string = "jexl:lgvSyntenyTooltip(feature)"",
    "numStdDev": "number = 3",
    "readConnections": "maybeStringEnum promotedBase "off" of ["off","arc","cloud"]",
    "readConnectionsDown": "maybeBoolean promotedBase true",
    "readConnectionsHeight": "number = 35",
    "readConnectionsLineWidth": "number = 1",
    "sashimiArcsHeight": "number = 40",
    "sashimiArcsMode": "maybeStringEnum promotedBase "up" of ["up","down","auto"]",
    "scaleType": "stringEnum = "linear" of ["linear","log"]",
    "showBezierConnections": "boolean = false",
    "showCoverage": "boolean = false",
    "showInterbaseIndicators": "boolean = true",
    "showLegend": "maybeBoolean promotedBase false",
    "showLowFreqMismatches": "boolean = false",
    "showMismatches": "boolean = true",
    "showOnlySplitAlignments": "boolean = false",
    "showOutline": "frozen = null",
    "showPileup": "boolean = true",
    "showSashimiArcs": "maybeBoolean promotedBase true",
    "showSashimiLabels": "maybeBoolean promotedBase false",
    "showSoftClipping": "maybeBoolean promotedBase false",
    "sortedBy": "frozen = null",
  },
  "display: LinearAlignmentsDisplay": {
    "arcColorByType": "stringEnum = "insertSizeAndOrientation" of ["insertSizeAndOrientation","insertSize","orientation"]",
    "autoscale": "stringEnum = "local" of ["local","localsd"]",
    "collapseGroupRows": "boolean = false",
    "colorBy": "maybeFrozen promotedBase {"type":"normal"}",
    "colorSupplementaryChains": "boolean = false",
    "coverageHeight": "number = 45",
    "coverageSnpMinFrequency": "number = 0",
    "drawInter": "boolean = true",
    "drawLongRange": "boolean = true",
    "drawProperPairArcs": "boolean = true",
    "drawProperPairs": "boolean = true",
    "drawSingletons": "boolean = true",
    "featureHeight": "maybeNumber promotedBase 7",
    "fetchSizeLimit": "number = 1000000",
    "filterBy": "frozen = {"flagInclude":0,"flagExclude":1540}",
    "flipStrandLongReadChains": "boolean = true",
    "forceLoad": "boolean = false",
    "groupBy": "frozen = null",
    "growMaxHeight": "number = 800",
    "height": "number = 250",
    "heightMode": "maybeStringEnum promotedBase "fixed" of ["fixed","grow","fit"]",
    "jexlFilters": "stringArray = []",
    "largeFeaturesFirst": "boolean = false",
    "linkedReads": "maybeStringEnum promotedBase "off" of ["off","normal"]",
    "maxFeatureScreenDensity": "number = 1",
    "maxHeight": "number = 6000",
    "maxScore": "number = 1.7976931348623157e+308",
    "minInterchromSupport": "number = 2",
    "minSashimiScore": "number = 2",
    "minScore": "number = 5e-324",
    "mismatchAlpha": "maybeBoolean promotedBase false",
    "mouseover": "string = "jexl:get(feature,'_mouseOver')||get(feature,'name')||get(feature,'function')||get(feature,'id')"",
    "numStdDev": "number = 3",
    "readConnections": "maybeStringEnum promotedBase "off" of ["off","arc","cloud"]",
    "readConnectionsDown": "maybeBoolean promotedBase true",
    "readConnectionsHeight": "number = 35",
    "readConnectionsLineWidth": "number = 1",
    "sashimiArcsHeight": "number = 40",
    "sashimiArcsMode": "maybeStringEnum promotedBase "up" of ["up","down","auto"]",
    "scaleType": "stringEnum = "linear" of ["linear","log"]",
    "showBezierConnections": "boolean = false",
    "showCoverage": "boolean = true",
    "showInterbaseIndicators": "boolean = true",
    "showLegend": "maybeBoolean promotedBase false",
    "showLowFreqMismatches": "boolean = false",
    "showMismatches": "boolean = true",
    "showOnlySplitAlignments": "boolean = false",
    "showOutline": "frozen = null",
    "showPileup": "boolean = true",
    "showSashimiArcs": "maybeBoolean promotedBase true",
    "showSashimiLabels": "maybeBoolean promotedBase false",
    "showSoftClipping": "maybeBoolean promotedBase false",
    "sortedBy": "frozen = null",
  },
  "display: LinearArcDisplay": {
    "arcHeight": "number = "jexl:log10(get(feature,'end')-get(feature,'start'))*50"",
    "caption": "string = "jexl:get(feature,'name')"",
    "color": "color = "darkblue"",
    "displayMode": "stringEnum = "arcs" of ["arcs","semicircles"]",
    "fetchSizeLimit": "number = 1000000",
    "forceLoad": "boolean = false",
    "height": "number = 100",
    "jexlFilters": "stringArray = []",
    "label": "string = "jexl:get(feature,'score')"",
    "maxFeatureScreenDensity": "number = 1",
    "mouseover": "string = "jexl:get(feature,'_mouseOver')||get(feature,'name')||get(feature,'function')||get(feature,'id')"",
    "thickness": "number = "jexl:logThickness(feature,'score')"",
  },
  "display: LinearBasicDisplay": {
    "canonicalTranscriptField": "string = "tag"",
    "canonicalTranscriptTags": "stringArray = ["MANE Select","MANE_Select","RefSeq Select","Ensembl_canonical","MANE Plus Clinical","MANE_Plus_Clinical"]",
    "color": "maybeColor = undefined",
    "connectorColor": "maybeColor = undefined",
    "containerTypes": "stringArray = ["proteoform_orf"]",
    "displayDirectionalChevrons": "maybeBoolean promotedBase true",
    "displayMode": "maybeStringEnum promotedBase "normal" of ["normal","compact","superCompact","collapsed"]",
    "featureHeight": "number = 10",
    "fetchSizeLimit": "number = 5000000",
    "forceLoad": "boolean = false",
    "geneGlyphMode": "stringEnum = "auto" of ["auto","all","longestCoding"]",
    "growMaxHeight": "number = 800",
    "height": "number = 100",
    "heightMode": "maybeStringEnum promotedBase "fixed" of ["fixed","grow","fit"]",
    "hideSourceFeatures": "boolean = true",
    "impliedUTRs": "boolean = true",
    "jexlFilters": "stringArray = []",
    "legend": "frozen = []",
    "maxDescriptionFeatureDensity": "number = 0.1",
    "maxFeatureScreenDensity": "number = 1",
    "maxHeight": "number = 1200",
    "maxLabelFeatureDensity": "number = 0.2",
    "mouseover": "string = "jexl:get(feature,'_mouseOver')||get(feature,'name')||get(feature,'function')||get(feature,'id')"",
    "outlineColor": "color = """,
    "showLabels": "stringEnum = "auto" of ["auto","nameAndDescription","name","description","none"]",
    "showOnlyGenes": "boolean = false",
    "subParts": "string = "CDS,UTR,five_prime_UTR,three_prime_UTR"",
    "subfeatureLabels": "maybeStringEnum promotedBase "none" of ["none","below","overlay"]",
    "transcriptTypes": "stringArray = ["mRNA","transcript","primary_transcript","V_gene_segment","C_gene_segment","D_gene_segment","J_gene_segment"]",
    "utrColor": "maybeColor = undefined",
  },
  "display: LinearGCContentDisplay": {
    "autoscale": "stringEnum = "localpercentile" of ["local","localsd","localpercentile"]",
    "bicolorPivot": "number = 0",
    "color": "color = "#0068d1"",
    "defaultRendering": "stringEnum = "xyplot" of ["xyplot","density","line","linecenter","scatter"]",
    "displayCrossHatches": "boolean = false",
    "gcMode": "stringEnum = "content" of ["content","skew"]",
    "height": "number = 100",
    "lineWidth": "maybeNumber promotedBase 1",
    "maxGapMultiple": "number = 0",
    "maxScore": "number = 1.7976931348623157e+308",
    "minScore": "number = 5e-324",
    "minimalTicks": "boolean = false",
    "negColor": "color = "#e01e26"",
    "numQuantile": "number = 0.99",
    "numStdDev": "number = 3",
    "posColor": "color = "#0068d1"",
    "scaleType": "stringEnum = "linear" of ["linear","log"]",
    "scatterPointSize": "maybeNumber promotedBase 2",
    "summaryScoreMode": "stringEnum = "avg" of ["max","min","avg","whiskers"]",
    "useBicolor": "boolean = true",
    "windowDelta": "number = 100",
    "windowSize": "number = 100",
  },
  "display: LinearGCContentTrackDisplay": {
    "autoscale": "stringEnum = "localpercentile" of ["local","localsd","localpercentile"]",
    "bicolorPivot": "number = 0",
    "color": "color = "#0068d1"",
    "defaultRendering": "stringEnum = "xyplot" of ["xyplot","density","line","linecenter","scatter"]",
    "displayCrossHatches": "boolean = false",
    "gcMode": "stringEnum = "content" of ["content","skew"]",
    "height": "number = 100",
    "lineWidth": "maybeNumber promotedBase 1",
    "maxGapMultiple": "number = 0",
    "maxScore": "number = 1.7976931348623157e+308",
    "minScore": "number = 5e-324",
    "minimalTicks": "boolean = false",
    "negColor": "color = "#e01e26"",
    "numQuantile": "number = 0.99",
    "numStdDev": "number = 3",
    "posColor": "color = "#0068d1"",
    "scaleType": "stringEnum = "linear" of ["linear","log"]",
    "scatterPointSize": "maybeNumber promotedBase 2",
    "summaryScoreMode": "stringEnum = "avg" of ["max","min","avg","whiskers"]",
    "useBicolor": "boolean = true",
    "windowDelta": "number = 100",
    "windowSize": "number = 100",
  },
  "display: LinearHicDisplay": {
    "colorScheme": "stringEnum = "juicebox" of ["juicebox","fall","viridis"]",
    "fetchSizeLimit": "number = 1000000",
    "forceLoad": "boolean = false",
    "height": "number = 300",
    "jexlFilters": "stringArray = []",
    "maxFeatureScreenDensity": "number = 1",
    "mouseover": "string = "jexl:get(feature,'_mouseOver')||get(feature,'name')||get(feature,'function')||get(feature,'id')"",
    "resolutionBias": "number = 0",
    "selectedNormalization": "string = "KR"",
    "showLegend": "maybeBoolean promotedBase false",
    "showResolutionControls": "boolean = false",
    "squashToHeight": "boolean = false",
    "useColorPercentile": "boolean = true",
    "useLogScale": "boolean = false",
  },
  "display: LinearMafDisplay": {
    "colorByChromosome": "boolean = false",
    "conservationHeight": "number = 40",
    "conservationMode": "stringEnum = "base" of ["base","codon"]",
    "coverageHeight": "number = 45",
    "fetchSizeLimit": "number = 5000000",
    "forceLoad": "boolean = false",
    "height": "maybeNumber = undefined",
    "jexlFilters": "stringArray = []",
    "maxFeatureScreenDensity": "number = 1",
    "mismatchRendering": "boolean = true",
    "mouseover": "string = "jexl:get(feature,'_mouseOver')||get(feature,'name')||get(feature,'function')||get(feature,'id')"",
    "rowHeight": "number = 0",
    "rowIdentityAutoZoom": "boolean = true",
    "rowIdentityMode": "stringEnum = "none" of ["none","heatmap","xyplot"]",
    "rowProportion": "number = 0.8",
    "showAlignments": "boolean = true",
    "showAllLetters": "boolean = false",
    "showAnnotations": "boolean = false",
    "showAsUpperCase": "boolean = true",
    "showBranchLength": "boolean = true",
    "showConservation": "boolean = false",
    "showCoverage": "boolean = true",
    "showInversions": "boolean = false",
    "showRowLabels": "boolean = true",
    "showTranslation": "boolean = false",
    "showTree": "boolean = true",
  },
  "display: LinearManhattanDisplay": {
    "autoscale": "stringEnum = "localpercentile" of ["local","localsd","localpercentile"]",
    "color": "color = "#0068d1"",
    "colorBy": "stringEnum = "normal" of ["normal","ld"]",
    "displayCrossHatches": "boolean = false",
    "fetchSizeLimit": "number = 1000000",
    "forceLoad": "boolean = false",
    "height": "number = 100",
    "jexlFilters": "stringArray = []",
    "maxFeatureScreenDensity": "number = 1",
    "maxScore": "number = 1.7976931348623157e+308",
    "minScore": "number = 5e-324",
    "minimalTicks": "boolean = false",
    "mouseover": "string = "jexl:get(feature,'_mouseOver')||get(feature,'name')||get(feature,'function')||get(feature,'id')"",
    "numStdDev": "number = 3",
    "scaleType": "stringEnum = "linear" of ["linear","log"]",
    "scatterPointSize": "maybeNumber promotedBase 4",
    "showLdLegend": "maybeBoolean promotedBase true",
    "significanceLine": "maybeNumber = undefined",
  },
  "display: LinearMultiRowFeatureDisplay": {
    "color": "maybeColor = undefined",
    "fetchSizeLimit": "number = 5000000",
    "forceLoad": "boolean = false",
    "height": "number = 100",
    "jexlFilters": "stringArray = []",
    "legend": "frozen = []",
    "lengthField": "string = """,
    "maxFeatureScreenDensity": "number = 1",
    "mouseover": "string = "jexl:get(feature,'_mouseOver')||get(feature,'name')||get(feature,'function')||get(feature,'id')"",
    "partitionField": "string = "name"",
    "rowGroups": "frozen = []",
    "rowHeight": "number = 0",
    "rowOrder": "stringArray = []",
    "rowProportion": "number = 1",
    "sampleColorMap": "frozen = {}",
    "showBranchLength": "boolean = true",
    "showLegend": "maybeBoolean promotedBase true",
    "showRowLabels": "boolean = true",
    "showRowSeparators": "boolean = false",
    "showTree": "boolean = true",
  },
  "display: LinearMultiSampleVariantDisplay": {
    "colorBy": "string = """,
    "featureColor": "string = """,
    "fetchSizeLimit": "number = 1000000",
    "forceLoad": "boolean = false",
    "groupBy": "string = """,
    "height": "number = 200",
    "jexlFilters": "stringArray = []",
    "lineZoneHeight": "number = 0",
    "maxFeatureScreenDensity": "number = 1",
    "maxMissingnessFilter": "number = 1",
    "minorAlleleFrequencyFilter": "number = 0",
    "mouseover": "string = "jexl:get(feature,'_mouseOver')||get(feature,'name')||get(feature,'function')||get(feature,'id')"",
    "referenceDrawingMode": "stringEnum = "skip" of ["draw","skip"]",
    "renderingMode": "stringEnum = "alleleCount" of ["alleleCount","phased"]",
    "rowHeight": "number = 0",
    "showBranchLength": "boolean = true",
    "showInsertionGlyphs": "boolean = true",
    "showLegend": "maybeBoolean promotedBase true",
    "showReferenceAlleles": "boolean = false",
    "showRowLabels": "boolean = true",
    "showTree": "boolean = true",
    "showVariantLane": "boolean = false",
    "variantLaneHeight": "number = 40",
    "variantLaneLabels": "stringEnum = "auto" of ["auto","nameAndDescription","name","description","none"]",
  },
  "display: LinearMultiSampleVariantMatrixDisplay": {
    "colorBy": "string = """,
    "featureColor": "string = """,
    "fetchSizeLimit": "number = 1000000",
    "forceLoad": "boolean = false",
    "groupBy": "string = """,
    "height": "number = 250",
    "jexlFilters": "stringArray = []",
    "lineZoneHeight": "number = 20",
    "maxFeatureScreenDensity": "number = 1",
    "maxMissingnessFilter": "number = 1",
    "minorAlleleFrequencyFilter": "number = 0",
    "mouseover": "string = "jexl:get(feature,'_mouseOver')||get(feature,'name')||get(feature,'function')||get(feature,'id')"",
    "referenceDrawingMode": "stringEnum = "skip" of ["draw","skip"]",
    "renderingMode": "stringEnum = "alleleCount" of ["alleleCount","phased"]",
    "rowHeight": "number = 0",
    "showBranchLength": "boolean = true",
    "showLegend": "maybeBoolean promotedBase true",
    "showReferenceAlleles": "boolean = false",
    "showRowLabels": "boolean = true",
    "showTree": "boolean = true",
  },
  "display: LinearPairedArcDisplay": {
    "color": "color = "jexl:defaultPairedArcColor(feature,alt)"",
    "fetchSizeLimit": "number = 1000000",
    "forceLoad": "boolean = false",
    "height": "number = 100",
    "jexlFilters": "stringArray = []",
    "lineWidth": "maybeNumber promotedBase 3",
    "maxFeatureScreenDensity": "number = 1",
    "mouseover": "string = "jexl:get(feature,'_mouseOver')||get(feature,'name')||get(feature,'function')||get(feature,'id')"",
  },
  "display: LinearReferenceSequenceDisplay": {
    "height": "maybeNumber = undefined",
    "showForward": "boolean = true",
    "showReverse": "boolean = true",
    "showTranslation": "boolean = true",
  },
  "display: LinearSyntenyDisplay": {},
  "display: LinearVariantDisplay": {
    "canonicalTranscriptField": "string = "tag"",
    "canonicalTranscriptTags": "stringArray = ["MANE Select","MANE_Select","RefSeq Select","Ensembl_canonical","MANE Plus Clinical","MANE_Plus_Clinical"]",
    "color": "maybeColor = undefined",
    "connectorColor": "maybeColor = undefined",
    "containerTypes": "stringArray = ["proteoform_orf"]",
    "displayDirectionalChevrons": "maybeBoolean promotedBase true",
    "displayMode": "maybeStringEnum promotedBase "normal" of ["normal","compact","superCompact","collapsed"]",
    "featureHeight": "number = 10",
    "fetchSizeLimit": "number = 1000000",
    "forceLoad": "boolean = false",
    "geneGlyphMode": "stringEnum = "auto" of ["auto","all","longestCoding"]",
    "growMaxHeight": "number = 800",
    "height": "number = 100",
    "heightMode": "maybeStringEnum promotedBase "fixed" of ["fixed","grow","fit"]",
    "hideSourceFeatures": "boolean = true",
    "impliedUTRs": "boolean = true",
    "jexlFilters": "stringArray = []",
    "maxDescriptionFeatureDensity": "number = 0.1",
    "maxFeatureScreenDensity": "number = 1",
    "maxHeight": "number = 1200",
    "maxLabelFeatureDensity": "number = 0.2",
    "mouseover": "string = "jexl:get(feature,'_mouseOver')||get(feature,'name')||get(feature,'function')||get(feature,'id')"",
    "outlineColor": "color = """,
    "showLabels": "stringEnum = "auto" of ["auto","nameAndDescription","name","description","none"]",
    "subParts": "string = "CDS,UTR,five_prime_UTR,three_prime_UTR"",
    "subfeatureLabels": "maybeStringEnum promotedBase "none" of ["none","below","overlay"]",
    "transcriptTypes": "stringArray = ["mRNA","transcript","primary_transcript","V_gene_segment","C_gene_segment","D_gene_segment","J_gene_segment"]",
    "utrColor": "maybeColor = undefined",
  },
  "display: LinearWiggleDisplay": {
    "autoscale": "stringEnum = "localpercentile" of ["local","localsd","localpercentile"]",
    "bicolorPivot": "number = 0",
    "color": "color = "#0068d1"",
    "defaultRendering": "stringEnum = "xyplot" of ["xyplot","density","line","linecenter","scatter"]",
    "displayCrossHatches": "boolean = false",
    "height": "number = 100",
    "lineWidth": "maybeNumber promotedBase 1",
    "maxGapMultiple": "number = 0",
    "maxScore": "number = 1.7976931348623157e+308",
    "minScore": "number = 5e-324",
    "minimalTicks": "boolean = false",
    "negColor": "color = "#e01e26"",
    "numQuantile": "number = 0.99",
    "numStdDev": "number = 3",
    "posColor": "color = "#0068d1"",
    "scaleType": "stringEnum = "linear" of ["linear","log"]",
    "scatterPointSize": "maybeNumber promotedBase 2",
    "summaryScoreMode": "stringEnum = "whiskers" of ["max","min","avg","whiskers"]",
    "useBicolor": "boolean = true",
  },
  "display: MultiLinearWiggleDisplay": {
    "autoscale": "stringEnum = "localpercentile" of ["local","localsd","localpercentile"]",
    "bicolorPivot": "number = 0",
    "defaultRendering": "stringEnum = "multirowxy" of ["multirowxy","multirowdensity","multirowline","multirowlinecenter","multirowscatter","multixyplot","multiline","multilinecenter","multiscatter"]",
    "displayCrossHatches": "boolean = false",
    "height": "number = 200",
    "lineWidth": "maybeNumber promotedBase 1",
    "maxGapMultiple": "number = 0",
    "maxScore": "number = 1.7976931348623157e+308",
    "minScore": "number = 5e-324",
    "minimalTicks": "boolean = false",
    "negColor": "color = "#e01e26"",
    "numQuantile": "number = 0.99",
    "numStdDev": "number = 3",
    "posColor": "color = "#0068d1"",
    "scaleType": "stringEnum = "linear" of ["linear","log"]",
    "scatterPointSize": "maybeNumber promotedBase 2",
    "showBranchLength": "boolean = true",
    "showLegend": "maybeBoolean promotedBase true",
    "showRowLabels": "boolean = true",
    "showRowSeparators": "boolean = false",
    "showTree": "boolean = true",
    "summaryScoreMode": "stringEnum = "avg" of ["max","min","avg","whiskers"]",
  },
  "text search adapter: JBrowse1TextSearchAdapter": {
    "assemblyNames": "stringArray = []",
    "namesIndexLocation": "fileLocation = {"uri":"/volvox/names","locationType":"UriLocation"}",
    "tracks": "stringArray = []",
  },
  "text search adapter: TrixTextSearchAdapter": {
    "assemblyNames": "stringArray = []",
    "ixFilePath": "fileLocation = {"uri":"out.ix","locationType":"UriLocation"}",
    "ixxFilePath": "fileLocation = {"uri":"out.ixx","locationType":"UriLocation"}",
    "metaFilePath": "fileLocation = {"uri":"meta.json","locationType":"UriLocation"}",
    "tracks": "stringArray = []",
  },
  "track: AlignmentsTrack": {
    "assemblyNames": "stringArray = ["assemblyName"]",
    "category": "stringArray = []",
    "description": "string = """,
    "metadata": "frozen = {}",
    "name": "string = """,
  },
  "track: FeatureTrack": {
    "assemblyNames": "stringArray = ["assemblyName"]",
    "category": "stringArray = []",
    "description": "string = """,
    "metadata": "frozen = {}",
    "name": "string = """,
  },
  "track: GCContentTrack": {
    "assemblyNames": "stringArray = ["assemblyName"]",
    "category": "stringArray = []",
    "description": "string = """,
    "metadata": "frozen = {}",
    "name": "string = """,
  },
  "track: GWASTrack": {
    "assemblyNames": "stringArray = ["assemblyName"]",
    "category": "stringArray = []",
    "description": "string = """,
    "metadata": "frozen = {}",
    "name": "string = """,
  },
  "track: HicTrack": {
    "assemblyNames": "stringArray = ["assemblyName"]",
    "category": "stringArray = []",
    "description": "string = """,
    "metadata": "frozen = {}",
    "name": "string = """,
  },
  "track: LDTrack": {
    "assemblyNames": "stringArray = ["assemblyName"]",
    "category": "stringArray = []",
    "description": "string = """,
    "metadata": "frozen = {}",
    "name": "string = """,
  },
  "track: MafTrack": {
    "assemblyNames": "stringArray = ["assemblyName"]",
    "category": "stringArray = []",
    "description": "string = """,
    "metadata": "frozen = {}",
    "name": "string = """,
  },
  "track: MultiQuantitativeTrack": {
    "assemblyNames": "stringArray = ["assemblyName"]",
    "category": "stringArray = []",
    "description": "string = """,
    "metadata": "frozen = {}",
    "name": "string = """,
  },
  "track: QuantitativeTrack": {
    "assemblyNames": "stringArray = ["assemblyName"]",
    "category": "stringArray = []",
    "description": "string = """,
    "metadata": "frozen = {}",
    "name": "string = """,
  },
  "track: ReferenceSequenceTrack": {
    "description": "string = """,
    "metadata": "frozen = {}",
    "name": "string = """,
    "sequenceType": "string = "dna"",
  },
  "track: SyntenyTrack": {
    "assemblyNames": "stringArray = ["assemblyName"]",
    "category": "stringArray = []",
    "description": "string = """,
    "metadata": "frozen = {}",
    "name": "string = """,
  },
  "track: VariantTrack": {
    "assemblyNames": "stringArray = ["assemblyName"]",
    "category": "stringArray = []",
    "description": "string = """,
    "metadata": "frozen = {}",
    "name": "string = """,
  },
}
`;
