// Jest Snapshot v1, https://goo.gl/fbAQLP

exports[`ncbi config 1`] = `
[
  <svg
    data-testid="svgfeatures"
    height="100"
    style="display: block;"
    width="800.0241275715338"
  />,
  <svg
    data-testid="svgfeatures"
    height="100"
    style="display: block;"
    width="800.0241275715338"
  />,
]
`;
