// Jest Snapshot v1, https://goo.gl/fbAQLP

exports[`VariantTrack widget renders with just the required model elements 1`] = `
<div
  class="MuiPaper-root MuiPaper-elevation MuiPaper-rounded MuiPaper-elevation1 css-1ps6pg7-MuiPaper-root"
  data-testid="variant-side-drawer"
>
  <div
    class="MuiPaper-root MuiPaper-elevation MuiPaper-rounded MuiPaper-elevation1 MuiAccordion-root MuiAccordion-rounded Mui-expanded MuiAccordion-gutters css-1elwnq4-MuiPaper-root-MuiAccordion-root"
  >
    <div
      aria-expanded="true"
      class="MuiButtonBase-root MuiAccordionSummary-root Mui-expanded MuiAccordionSummary-gutters css-sh22l5-MuiButtonBase-root-MuiAccordionSummary-root"
      role="button"
      tabindex="0"
    >
      <div
        class="MuiAccordionSummary-content Mui-expanded MuiAccordionSummary-contentGutters css-o4b71y-MuiAccordionSummary-content"
      >
        <span
          class="MuiTypography-root MuiTypography-button css-1f0on15-MuiTypography-root"
        >
           
          rs123
        </span>
      </div>
      <div
        class="MuiAccordionSummary-expandIconWrapper Mui-expanded css-yw020d-MuiAccordionSummary-expandIconWrapper"
      >
        <svg
          aria-hidden="true"
          class="MuiSvgIcon-root MuiSvgIcon-fontSizeMedium tss-rb1zhf-expandIcon css-i4bv87-MuiSvgIcon-root"
          data-testid="ExpandMoreIcon"
          focusable="false"
          viewBox="0 0 24 24"
        >
          <path
            d="M16.59 8.59 12 13.17 7.41 8.59 6 10l6 6 6-6z"
          />
        </svg>
      </div>
    </div>
    <div
      class="MuiCollapse-root MuiCollapse-vertical MuiCollapse-entered css-pwcg7p-MuiCollapse-root"
      style="min-height: 0px;"
    >
      <div
        class="MuiCollapse-wrapper MuiCollapse-vertical css-smkl36-MuiCollapse-wrapper"
      >
        <div
          class="MuiCollapse-wrapperInner MuiCollapse-vertical css-9l5vo-MuiCollapse-wrapperInner"
        >
          <div
            class="MuiAccordion-region"
            role="region"
          >
            <div
              class="MuiAccordionDetails-root tss-1g973hk-expansionPanelDetails css-15v22id-MuiAccordionDetails-root"
            >
              <p
                class="MuiTypography-root MuiTypography-body1 css-ahj2mt-MuiTypography-root"
              >
                Core details
              </p>
              <div
                class="tss-1m8nxnb-field"
              >
                <div
                  class="tss-1y9c7n2-fieldName"
                >
                  Position
                </div>
                <div
                  class="tss-1omt041-fieldValue"
                >
                  <div>
                    ctgA:177..177 
                  </div>
                </div>
              </div>
              <div
                class="tss-1m8nxnb-field"
              >
                <div
                  class="tss-1y9c7n2-fieldName"
                >
                  Name
                </div>
                <div
                  class="tss-1omt041-fieldValue"
                >
                  <div>
                    rs123
                  </div>
                </div>
              </div>
              <div
                class="tss-1m8nxnb-field"
              >
                <div
                  class="tss-1y9c7n2-fieldName"
                >
                  Length
                </div>
                <div
                  class="tss-1omt041-fieldValue"
                >
                  <div>
                    1
                  </div>
                </div>
              </div>
              <hr
                class="MuiDivider-root MuiDivider-fullWidth css-9mgopn-MuiDivider-root"
              />
              <p
                class="MuiTypography-root MuiTypography-body1 css-ahj2mt-MuiTypography-root"
              >
                Attributes
              </p>
              <div
                class="tss-1m8nxnb-field"
              >
                <div
                  aria-label="reference base(s): Each base must be one of A,C,G,T,N (case insensitive)."
                  class="tss-1qe2j6j-fieldDescription-fieldName"
                  data-mui-internal-clone-element="true"
                >
                  REF
                </div>
                <div
                  class="tss-1omt041-fieldValue"
                >
                  <div>
                    A
                  </div>
                </div>
              </div>
              <div
                class="tss-1m8nxnb-field"
              >
                <div
                  aria-label="alternate base(s): Comma-separated list of alternate non-reference alleles"
                  class="tss-1qe2j6j-fieldDescription-fieldName"
                  data-mui-internal-clone-element="true"
                >
                  ALT
                </div>
                <div
                  class="tss-1omt041-fieldValue"
                >
                  <div>
                    &lt;TRA&gt;
                  </div>
                </div>
              </div>
              <div
                class="tss-1m8nxnb-field"
              >
                <div
                  aria-label="quality: Phred-scaled quality score for the assertion made in ALT"
                  class="tss-1qe2j6j-fieldDescription-fieldName"
                  data-mui-internal-clone-element="true"
                >
                  QUAL
                </div>
                <div
                  class="tss-1omt041-fieldValue"
                >
                  <div>
                    10.4
                  </div>
                </div>
              </div>
              <div
                class="tss-1m8nxnb-field"
              >
                <div
                  class="tss-1y9c7n2-fieldName"
                  style="width: 62px;"
                >
                  INFO.MQ
                </div>
                <div
                  class="tss-1omt041-fieldValue"
                >
                  <div>
                    5
                  </div>
                </div>
              </div>
              <div
                class="tss-1upvn7b-container2"
              >
                <button
                  class="MuiButtonBase-root MuiButton-root MuiButton-contained MuiButton-containedPrimary MuiButton-sizeMedium MuiButton-containedSizeMedium MuiButton-root MuiButton-contained MuiButton-containedPrimary MuiButton-sizeMedium MuiButton-containedSizeMedium css-sghohy-MuiButtonBase-root-MuiButton-root"
                  tabindex="0"
                  type="button"
                >
                  Show feature sequence
                  <span
                    class="MuiTouchRipple-root css-8je8zh-MuiTouchRipple-root"
                  />
                </button>
                <br />
              </div>
            </div>
          </div>
        </div>
      </div>
    </div>
  </div>
  <hr
    class="MuiDivider-root MuiDivider-fullWidth css-9mgopn-MuiDivider-root"
  />
  <hr
    class="MuiDivider-root MuiDivider-fullWidth css-9mgopn-MuiDivider-root"
  />
  <hr
    class="MuiDivider-root MuiDivider-fullWidth css-9mgopn-MuiDivider-root"
  />
</div>
`;
