// Jest Snapshot v1, https://goo.gl/fbAQLP

exports[`VariantTrack widget renders with just the required model elements 1`] = `
<div
  class="MuiPaper-root MuiPaper-elevation1 MuiPaper-rounded"
  data-testid="variant-side-drawer"
>
  <div
    class="MuiPaper-root MuiAccordion-root makeStyles-accordionBorder MuiAccordion-expanded MuiAccordion-rounded MuiPaper-elevation1 MuiPaper-rounded"
  >
    <div
      aria-disabled="false"
      aria-expanded="true"
      class="MuiButtonBase-root MuiAccordionSummary-root MuiAccordionSummary-expanded"
      role="button"
      tabindex="0"
    >
      <div
        class="MuiAccordionSummary-content MuiAccordionSummary-expanded"
      >
        <span
          class="MuiTypography-root MuiTypography-button"
        >
           
          rs123
        </span>
      </div>
      <div
        aria-disabled="false"
        aria-hidden="true"
        class="MuiButtonBase-root MuiIconButton-root MuiAccordionSummary-expandIcon MuiAccordionSummary-expanded MuiIconButton-edgeEnd"
      >
        <span
          class="MuiIconButton-label"
        >
          <svg
            aria-hidden="true"
            class="MuiSvgIcon-root makeStyles-expandIcon"
            focusable="false"
            viewBox="0 0 24 24"
          >
            <path
              d="M16.59 8.59L12 13.17 7.41 8.59 6 10l6 6 6-6z"
            />
          </svg>
        </span>
        <span
          class="MuiTouchRipple-root"
        />
      </div>
    </div>
    <div
      class="MuiCollapse-container MuiCollapse-entered"
      style="min-height: 0px;"
    >
      <div
        class="MuiCollapse-wrapper"
      >
        <div
          class="MuiCollapse-wrapperInner"
        >
          <div
            role="region"
          >
            <div
              class="MuiAccordionDetails-root makeStyles-expansionPanelDetails"
            >
              <p
                class="MuiTypography-root MuiTypography-body1"
              >
                Core details
              </p>
              <div
                class="makeStyles-field"
              >
                <div
                  class="makeStyles-fieldName"
                >
                  Position
                </div>
                <div
                  class="makeStyles-fieldValue"
                >
                  <div>
                    ctgA:177..177 
                  </div>
                </div>
              </div>
              <div
                class="makeStyles-field"
              >
                <div
                  class="makeStyles-fieldName"
                >
                  Name
                </div>
                <div
                  class="makeStyles-fieldValue"
                >
                  <div>
                    rs123
                  </div>
                </div>
              </div>
              <div
                class="makeStyles-field"
              >
                <div
                  class="makeStyles-fieldName"
                >
                  Length
                </div>
                <div
                  class="makeStyles-fieldValue"
                >
                  <div>
                    1
                  </div>
                </div>
              </div>
              <hr
                class="MuiDivider-root"
              />
              <p
                class="MuiTypography-root MuiTypography-body1"
              >
                Attributes
              </p>
              <div
                class="makeStyles-field"
              >
                <div
                  class="makeStyles-fieldDescription makeStyles-fieldName"
                  title="reference base(s): Each base must be one of A,C,G,T,N (case insensitive)."
                >
                  REF
                </div>
                <div
                  class="makeStyles-fieldValue"
                >
                  <div>
                    A
                  </div>
                </div>
              </div>
              <div
                class="makeStyles-field"
              >
                <div
                  class="makeStyles-fieldDescription makeStyles-fieldName"
                  title=" alternate base(s): Comma-separated list of alternate non-reference alleles"
                >
                  ALT
                </div>
                <div
                  class="makeStyles-fieldValue"
                >
                  <div>
                    &lt;TRA&gt;
                  </div>
                </div>
              </div>
              <div
                class="makeStyles-field"
              >
                <div
                  class="makeStyles-fieldDescription makeStyles-fieldName"
                  title="quality: Phred-scaled quality score for the assertion made in ALT"
                >
                  QUAL
                </div>
                <div
                  class="makeStyles-fieldValue"
                >
                  <div>
                    10.4
                  </div>
                </div>
              </div>
              <div
                class="makeStyles-field"
              >
                <div
                  class="makeStyles-fieldName"
                >
                  INFO.MQ
                </div>
                <div
                  class="makeStyles-fieldValue"
                >
                  <div>
                    5
                  </div>
                </div>
              </div>
            </div>
          </div>
        </div>
      </div>
    </div>
  </div>
  <hr
    class="MuiDivider-root"
  />
</div>
`;
